Component: ARM Compiler 5.06 update 5 (build 528) Tool: armlink [4d35e2]

==============================================================================

Section Cross References

    startup_stm32f103xb.o(RESET) refers to startup_stm32f103xb.o(STACK) for __initial_sp
    startup_stm32f103xb.o(RESET) refers to startup_stm32f103xb.o(.text) for Reset_Handler
    startup_stm32f103xb.o(RESET) refers to stm32f1xx_it.o(i.NMI_Handler) for NMI_Handler
    startup_stm32f103xb.o(RESET) refers to stm32f1xx_it.o(i.HardFault_Handler) for HardFault_Handler
    startup_stm32f103xb.o(RESET) refers to stm32f1xx_it.o(i.MemManage_Handler) for MemManage_Handler
    startup_stm32f103xb.o(RESET) refers to stm32f1xx_it.o(i.BusFault_Handler) for BusFault_Handler
    startup_stm32f103xb.o(RESET) refers to stm32f1xx_it.o(i.UsageFault_Handler) for UsageFault_Handler
    startup_stm32f103xb.o(RESET) refers to port.o(.emb_text) for SVC_Handler
    startup_stm32f103xb.o(RESET) refers to stm32f1xx_it.o(i.DebugMon_Handler) for DebugMon_Handler
    startup_stm32f103xb.o(RESET) refers to cmsis_os2.o(i.SysTick_Handler) for SysTick_Handler
    startup_stm32f103xb.o(RESET) refers to stm32f1xx_it.o(i.TIM3_IRQHandler) for TIM3_IRQHandler
    startup_stm32f103xb.o(RESET) refers to stm32f1xx_it.o(i.TIM4_IRQHandler) for TIM4_IRQHandler
    startup_stm32f103xb.o(.text) refers to system_stm32f1xx.o(i.SystemInit) for SystemInit
    startup_stm32f103xb.o(.text) refers to entry.o(.ARM.Collect$$$$00000000) for __main
    main.o(i.HAL_TIM_PeriodElapsedCallback) refers to stm32f1xx_hal.o(i.HAL_IncTick) for HAL_IncTick
    main.o(i.SystemClock_Config) refers to memseta.o(.text) for __aeabi_memclr4
    main.o(i.SystemClock_Config) refers to stm32f1xx_hal_rcc.o(i.HAL_RCC_OscConfig) for HAL_RCC_OscConfig
    main.o(i.SystemClock_Config) refers to stm32f1xx_hal_rcc.o(i.HAL_RCC_ClockConfig) for HAL_RCC_ClockConfig
    main.o(i.SystemClock_Config) refers to stm32f1xx_hal_rcc_ex.o(i.HAL_RCCEx_PeriphCLKConfig) for HAL_RCCEx_PeriphCLKConfig
    main.o(i.main) refers to stm32f1xx_hal.o(i.HAL_Init) for HAL_Init
    main.o(i.main) refers to main.o(i.SystemClock_Config) for SystemClock_Config
    main.o(i.main) refers to gpio.o(i.MX_GPIO_Init) for MX_GPIO_Init
    main.o(i.main) refers to i2c.o(i.MX_I2C1_Init) for MX_I2C1_Init
    main.o(i.main) refers to usart.o(i.MX_USART1_UART_Init) for MX_USART1_UART_Init
    main.o(i.main) refers to rtc.o(i.MX_RTC_Init) for MX_RTC_Init
    main.o(i.main) refers to tim.o(i.MX_TIM3_Init) for MX_TIM3_Init
    main.o(i.main) refers to cmsis_os2.o(i.osKernelInitialize) for osKernelInitialize
    main.o(i.main) refers to freertos.o(i.MX_FREERTOS_Init) for MX_FREERTOS_Init
    main.o(i.main) refers to cmsis_os2.o(i.osKernelStart) for osKernelStart
    gpio.o(i.MX_GPIO_Init) refers to stm32f1xx_hal_gpio.o(i.HAL_GPIO_Init) for HAL_GPIO_Init
    freertos.o(i.MX_FREERTOS_Init) refers to stm32f1xx_hal_tim.o(i.HAL_TIM_Base_Start_IT) for HAL_TIM_Base_Start_IT
    freertos.o(i.MX_FREERTOS_Init) refers to key.o(i.key_init) for key_init
    freertos.o(i.MX_FREERTOS_Init) refers to oled.o(i.oled_init) for oled_init
    freertos.o(i.MX_FREERTOS_Init) refers to cmsis_os2.o(i.osThreadNew) for osThreadNew
    freertos.o(i.MX_FREERTOS_Init) refers to tim.o(.bss) for htim3
    freertos.o(i.MX_FREERTOS_Init) refers to freertos.o(.constdata) for .constdata
    freertos.o(i.MX_FREERTOS_Init) refers to freertos.o(i.StartDefaultTask) for StartDefaultTask
    freertos.o(i.MX_FREERTOS_Init) refers to freertos.o(.data) for .data
    freertos.o(i.StartDefaultTask) refers to printfa.o(i.__0printf) for __2printf
    freertos.o(i.StartDefaultTask) refers to oled.o(i.oled_show_char) for oled_show_char
    freertos.o(i.StartDefaultTask) refers to oled.o(i.oled_show_string) for oled_show_string
    freertos.o(i.StartDefaultTask) refers to oled.o(i.oled_update_all) for oled_update_all
    freertos.o(i.StartDefaultTask) refers to key.o(i.key_get_state) for key_get_state
    freertos.o(i.StartDefaultTask) refers to cmsis_os2.o(i.osDelay) for osDelay
    freertos.o(.constdata) refers to freertos.o(.conststring) for .conststring
    i2c.o(i.HAL_I2C_MspDeInit) refers to stm32f1xx_hal_gpio.o(i.HAL_GPIO_DeInit) for HAL_GPIO_DeInit
    i2c.o(i.HAL_I2C_MspInit) refers to stm32f1xx_hal_gpio.o(i.HAL_GPIO_Init) for HAL_GPIO_Init
    i2c.o(i.MX_I2C1_Init) refers to stm32f1xx_hal_i2c.o(i.HAL_I2C_Init) for HAL_I2C_Init
    i2c.o(i.MX_I2C1_Init) refers to main.o(i.Error_Handler) for Error_Handler
    i2c.o(i.MX_I2C1_Init) refers to i2c.o(.bss) for .bss
    rtc.o(i.HAL_RTC_MspInit) refers to stm32f1xx_hal_pwr.o(i.HAL_PWR_EnableBkUpAccess) for HAL_PWR_EnableBkUpAccess
    rtc.o(i.MX_RTC_Init) refers to stm32f1xx_hal_rtc.o(i.HAL_RTC_Init) for HAL_RTC_Init
    rtc.o(i.MX_RTC_Init) refers to main.o(i.Error_Handler) for Error_Handler
    rtc.o(i.MX_RTC_Init) refers to rtc.o(.bss) for .bss
[...]
    i.HAL_TIM_Base_Start_IT                  0x080016e4   Section        0  stm32f1xx_hal_tim.o(i.HAL_TIM_Base_Start_IT)
    i.HAL_TIM_ConfigClockSource              0x0800173c   Section        0  stm32f1xx_hal_tim.o(i.HAL_TIM_ConfigClockSource)
    i.HAL_TIM_IC_CaptureCallback             0x08001818   Section        0  stm32f1xx_hal_tim.o(i.HAL_TIM_IC_CaptureCallback)
    i.HAL_TIM_IRQHandler                     0x0800181a   Section        0  stm32f1xx_hal_tim.o(i.HAL_TIM_IRQHandler)
    i.HAL_TIM_OC_DelayElapsedCallback        0x0800194a   Section        0  stm32f1xx_hal_tim.o(i.HAL_TIM_OC_DelayElapsedCallback)
    i.HAL_TIM_PWM_PulseFinishedCallback      0x0800194c   Section        0  stm32f1xx_hal_tim.o(i.HAL_TIM_PWM_PulseFinishedCallback)
    i.HAL_TIM_PeriodElapsedCallback          0x08001950   Section        0  main.o(i.HAL_TIM_PeriodElapsedCallback)
    i.HAL_TIM_TriggerCallback                0x08001964   Section        0  stm32f1xx_hal_tim.o(i.HAL_TIM_TriggerCallback)
    i.HAL_UART_Init                          0x08001966   Section        0  stm32f1xx_hal_uart.o(i.HAL_UART_Init)
    i.HAL_UART_MspInit                       0x080019cc   Section        0  usart.o(i.HAL_UART_MspInit)
    i.HAL_UART_Transmit                      0x08001a3c   Section        0  stm32f1xx_hal_uart.o(i.HAL_UART_Transmit)
    i.HardFault_Handler                      0x08001adc   Section        0  stm32f1xx_it.o(i.HardFault_Handler)
    i.I2C_IsAcknowledgeFailed                0x08001ade   Section        0  stm32f1xx_hal_i2c.o(i.I2C_IsAcknowledgeFailed)
    I2C_IsAcknowledgeFailed                  0x08001adf   Thumb Code    46  stm32f1xx_hal_i2c.o(i.I2C_IsAcknowledgeFailed)
    i.I2C_MasterRequestWrite                 0x08001b0c   Section        0  stm32f1xx_hal_i2c.o(i.I2C_MasterRequestWrite)
    I2C_MasterRequestWrite                   0x08001b0d   Thumb Code   150  stm32f1xx_hal_i2c.o(i.I2C_MasterRequestWrite)
    i.I2C_WaitOnBTFFlagUntilTimeout          0x08001ba8   Section        0  stm32f1xx_hal_i2c.o(i.I2C_WaitOnBTFFlagUntilTimeout)
    I2C_WaitOnBTFFlagUntilTimeout            0x08001ba9   Thumb Code    86  stm32f1xx_hal_i2c.o(i.I2C_WaitOnBTFFlagUntilTimeout)
    i.I2C_WaitOnFlagUntilTimeout             0x08001c00   Section        0  stm32f1xx_hal_i2c.o(i.I2C_WaitOnFlagUntilTimeout)
    I2C_WaitOnFlagUntilTimeout               0x08001c01   Thumb Code   144  stm32f1xx_hal_i2c.o(i.I2C_WaitOnFlagUntilTimeout)
    i.I2C_WaitOnMasterAddressFlagUntilTimeout 0x08001c90   Section        0  stm32f1xx_hal_i2c.o(i.I2C_WaitOnMasterAddressFlagUntilTimeout)
    I2C_WaitOnMasterAddressFlagUntilTimeout  0x08001c91   Thumb Code   188  stm32f1xx_hal_i2c.o(i.I2C_WaitOnMasterAddressFlagUntilTimeout)
    i.I2C_WaitOnTXEFlagUntilTimeout          0x08001d4c   Section        0  stm32f1xx_hal_i2c.o(i.I2C_WaitOnTXEFlagUntilTimeout)
    I2C_WaitOnTXEFlagUntilTimeout            0x08001d4d   Thumb Code    86  stm32f1xx_hal_i2c.o(i.I2C_WaitOnTXEFlagUntilTimeout)
    i.MX_FREERTOS_Init                       0x08001da4   Section        0  freertos.o(i.MX_FREERTOS_Init)
    i.MX_GPIO_Init                           0x08001dd4   Section        0  gpio.o(i.MX_GPIO_Init)
    i.MX_I2C1_Init                           0x08001e3c   Section        0  i2c.o(i.MX_I2C1_Init)
    i.MX_RTC_Init                            0x08001e7c   Section        0  rtc.o(i.MX_RTC_Init)
    i.MX_TIM3_Init                           0x08001eac   Section        0  tim.o(i.MX_TIM3_Init)
    i.MX_USART1_UART_Init                    0x08001f14   Section        0  usart.o(i.MX_USART1_UART_Init)
    i.MemManage_Handler                      0x08001f4c   Section        0  stm32f1xx_it.o(i.MemManage_Handler)
    i.NMI_Handler                            0x08001f4e   Section        0  stm32f1xx_it.o(i.NMI_Handler)
    i.OLED_WRITE_COMMAND                     0x08001f50   Section        0  oled.o(i.OLED_WRITE_COMMAND)
    OLED_WRITE_COMMAND                       0x08001f51   Thumb Code    58  oled.o(i.OLED_WRITE_COMMAND)
    i.OLED_WRITE_DATA                        0x08001f90   Section        0  oled.o(i.OLED_WRITE_DATA)
    OLED_WRITE_DATA                          0x08001f91   Thumb Code    58  oled.o(i.OLED_WRITE_DATA)
    i.RTC_EnterInitMode                      0x08001fd0   Section        0  stm32f1xx_hal_rtc.o(i.RTC_EnterInitMode)
    RTC_EnterInitMode                        0x08001fd1   Thumb Code    52  stm32f1xx_hal_rtc.o(i.RTC_EnterInitMode)
    i.RTC_ExitInitMode                       0x08002004   Section        0  stm32f1xx_hal_rtc.o(i.RTC_ExitInitMode)
    RTC_ExitInitMode                         0x08002005   Thumb Code    54  stm32f1xx_hal_rtc.o(i.RTC_ExitInitMode)
    i.StartDefaultTask                       0x0800203c   Section        0  freertos.o(i.StartDefaultTask)
    i.SysTick_Handler                        0x080020d4   Section        0  cmsis_os2.o(i.SysTick_Handler)
    i.SystemClock_Config                     0x080020ee   Section        0  main.o(i.SystemClock_Config)
    i.SystemInit                             0x08002168   Section        0  system_stm32f1xx.o(i.SystemInit)
    i.TIM3_IRQHandler                        0x0800216c   Section        0  stm32f1xx_it.o(i.TIM3_IRQHandler)
    i.TIM4_IRQHandler                        0x08002180   Section        0  stm32f1xx_it.o(i.TIM4_IRQHandler)
    i.TIM_Base_SetConfig                     0x0800218c   Section        0  stm32f1xx_hal_tim.o(i.TIM_Base_SetConfig)
    i.TIM_ETR_SetConfig                      0x08002204   Section        0  stm32f1xx_hal_tim.o(i.TIM_ETR_SetConfig)
    i.TIM_ITRx_SetConfig                     0x08002218   Section        0  stm32f1xx_hal_tim.o(i.TIM_ITRx_SetConfig)
    TIM_ITRx_SetConfig                       0x08002219   Thumb Code    16  stm32f1xx_hal_tim.o(i.TIM_ITRx_SetConfig)
    i.TIM_TI1_ConfigInputStage               0x08002228   Section        0  stm32f1xx_hal_tim.o(i.TIM_TI1_ConfigInputStage)
    TIM_TI1_ConfigInputStage                 0x08002229   Thumb Code    34  stm32f1xx_hal_tim.o(i.TIM_TI1_ConfigInputStage)
    i.TIM_TI2_ConfigInputStage               0x0800224a   Section        0  stm32f1xx_hal_tim.o(i.TIM_TI2_ConfigInputStage)
    TIM_TI2_ConfigInputStage                 0x0800224b   Thumb Code    36  stm32f1xx_hal_tim.o(i.TIM_TI2_ConfigInputStage)
    i.UART_EndRxTransfer                     0x0800226e   Section        0  stm32f1xx_hal_uart.o(i.UART_EndRxTransfer)
    UART_EndRxTransfer                       0x0800226f   Thumb Code    78  stm32f1xx_hal_uart.o(i.UART_EndRxTransfer)
    i.UART_SetConfig                         0x080022bc   Section        0  stm32f1xx_hal_uart.o(i.UART_SetConfig)
    UART_SetConfig                           0x080022bd   Thumb Code   178  stm32f1xx_hal_uart.o(i.UART_SetConfig)
    i.UART_WaitOnFlagUntilTimeout            0x08002374   Section        0  stm32f1xx_hal_uart.o(i.UART_WaitOnFlagUntilTimeout)
    UART_WaitOnFlagUntilTimeout              0x08002375   Thumb Code   114  stm32f1xx_hal_uart.o(i.UART_WaitOnFlagUntilTimeout)
    i.UsageFault_Handler                     0x080023e6   Section        0  stm32f1xx_it.o(i.UsageFault_Handler)
    i.__0printf                              0x080023e8   Section        0  printfa.o(i.__0printf)
    i.__NVIC_SetPriority                     0x08002408   Section        0  stm32f1xx_hal_cortex.o(i.__NVIC_SetPriority)
    __NVIC_SetPriority                       0x08002409   Thumb Code    32  stm32f1xx_hal_cortex.o(i.__NVIC_SetPriority)
    i.__scatterload_copy                     0x08002428   Section       14  handlers.o(i.__scatterload_copy)
    i.__scatterload_null                     0x08002436   Section        2  handlers.o(i.__scatterload_null)
    i.__scatterload_zeroinit                 0x08002438   Section       14  handlers.o(i.__scatterload_zeroinit)
    i._fp_digits                             0x08002448   Section        0  printfa.o(i._fp_digits)
    _fp_digits                               0x08002449   Thumb Code   366  printfa.o(i._fp_digits)
    i._printf_core                           0x080025cc   Section        0  printfa.o(i._printf_core)
    _printf_core                             0x080025cd   Thumb Code  1744  printfa.o(i._printf_core)
    i._printf_post_padding                   0x08002ca8   Section        0  printfa.o(i._printf_post_padding)
    _printf_post_padding                     0x08002ca9   Thumb Code    36  printfa.o(i._printf_post_padding)
    i._printf_pre_padding                    0x08002ccc   Section        0  printfa.o(i._printf_pre_padding)
    _printf_pre_padding                      0x08002ccd   Thumb Code    46  printfa.o(i._printf_pre_padding)
    i.fputc                                  0x08002cfc   Section        0  usart.o(i.fputc)
    i.free                                   0x08002d14   Section        0  malloc.o(i.free)
    i.key_get_state                          0x08002d64   Section        0  key.o(i.key_get_state)
    i.key_init                               0x08002d7c   Section        0  key.o(i.key_init)
    i.key_period_setting                     0x08002d88   Section        0  key.o(i.key_period_setting)
    i.key_tick                               0x08002da8   Section        0  key.o(i.key_tick)
    i.main                                   0x08002e94   Section        0  main.o(i.main)
    i.malloc                                 0x08002ec0   Section        0  malloc.o(i.malloc)
    i.oled_clear_all                         0x08002f2c   Section        0  oled.o(i.oled_clear_all)
    i.oled_clear_area                        0x08002f54   Section        0  oled.o(i.oled_clear_area)
    i.oled_init                              0x08002fa0   Section        0  oled.o(i.oled_init)
    i.oled_set_cursor                        0x08002fc0   Section        0  oled.o(i.oled_set_cursor)
    i.oled_show_char                         0x08002fe8   Section        0  oled.o(i.oled_show_char)
    i.oled_show_image                        0x0800303c   Section        0  oled.o(i.oled_show_image)
    i.oled_show_string                       0x080030e4   Section        0  oled.o(i.oled_show_string)
    i.oled_update_all                        0x080031ac   Section        0  oled.o(i.oled_update_all)
    i.osDelay                                0x080031d4   Section        0  cmsis_os2.o(i.osDelay)
    i.osKernelInitialize                     0x080031f0   Section        0  cmsis_os2.o(i.osKernelInitialize)
    i.osKernelStart                          0x08003214   Section        0  cmsis_os2.o(i.osKernelStart)
    i.osThreadNew                            0x0800324c   Section        0  cmsis_os2.o(i.osThreadNew)
    i.prvAddCurrentTaskToDelayedList         0x080032d8   Section        0  tasks.o(i.prvAddCurrentTaskToDelayedList)
    prvAddCurrentTaskToDelayedList           0x080032d9   Thumb Code    84  tasks.o(i.prvAddCurrentTaskToDelayedList)
    i.prvAddNewTaskToReadyList               0x08003334   Section        0  tasks.o(i.prvAddNewTaskToReadyList)
    prvAddNewTaskToReadyList                 0x08003335   Thumb Code   190  tasks.o(i.prvAddNewTaskToReadyList)
    i.prvCheckForValidListAndQueue           0x08003404   Section        0  timers.o(i.prvCheckForValidListAndQueue)
    prvCheckForValidListAndQueue             0x08003405   Thumb Code    72  timers.o(i.prvCheckForValidListAndQueue)
    i.prvCopyDataFromQueue                   0x0800345c   Section        0  queue.o(i.prvCopyDataFromQueue)
    prvCopyDataFromQueue                     0x0800345d   Thumb Code    38  queue.o(i.prvCopyDataFromQueue)
    i.prvCopyDataToQueue                     0x08003482   Section        0  queue.o(i.prvCopyDataToQueue)
    prvCopyDataToQueue                       0x08003483   Thumb Code   108  queue.o(i.prvCopyDataToQueue)
    i.prvDeleteTCB                           0x080034ee   Section        0  tasks.o(i.prvDeleteTCB)
    prvDeleteTCB                             0x080034ef   Thumb Code    52  tasks.o(i.prvDeleteTCB)
    i.prvHeapInit                            0x08003524   Section        0  heap_4.o(i.prvHeapInit)
    prvHeapInit                              0x08003525   Thumb Code    66  heap_4.o(i.prvHeapInit)
    i.prvIdleTask                            0x08003570   Section        0  tasks.o(i.prvIdleTask)
    prvIdleTask                              0x08003571   Thumb Code    86  tasks.o(i.prvIdleTask)
    i.prvInitialiseNewQueue                  0x080035d4   Section        0  queue.o(i.prvInitialiseNewQueue)
    prvInitialiseNewQueue                    0x080035d5   Thumb Code    34  queue.o(i.prvInitialiseNewQueue)
    i.prvInitialiseNewTask                   0x080035f8   Section        0  tasks.o(i.prvInitialiseNewTask)
    prvInitialiseNewTask                     0x080035f9   Thumb Code   176  tasks.o(i.prvInitialiseNewTask)
    i.prvInsertBlockIntoFreeList             0x080036a8   Section        0  heap_4.o(i.prvInsertBlockIntoFreeList)
    prvInsertBlockIntoFreeList               0x080036a9   Thumb Code    72  heap_4.o(i.prvInsertBlockIntoFreeList)
    i.prvInsertTimerInActiveList             0x080036f4   Section        0  timers.o(i.prvInsertTimerInActiveList)
    prvInsertTimerInActiveList               0x080036f5   Thumb Code    52  timers.o(i.prvInsertTimerInActiveList)
    i.prvIsQueueEmpty                        0x0800372c   Section        0  queue.o(i.prvIsQueueEmpty)
    prvIsQueueEmpty                          0x0800372d   Thumb Code    28  queue.o(i.prvIsQueueEmpty)
    i.prvProcessReceivedCommands             0x08003748   Section        0  timers.o(i.prvProcessReceivedCommands)
    prvProcessReceivedCommands               0x08003749   Thumb Code   248  timers.o(i.prvProcessReceivedCommands)
    i.prvProcessTimerOrBlockTask             0x08003844   Section        0  timers.o(i.prvProcessTimerOrBlockTask)
    prvProcessTimerOrBlockTask               0x08003845   Thumb Code   182  timers.o(i.prvProcessTimerOrBlockTask)
    i.prvResetNextTaskUnblockTime            0x08003904   Section        0  tasks.o(i.prvResetNextTaskUnblockTime)
    prvResetNextTaskUnblockTime              0x08003905   Thumb Code    26  tasks.o(i.prvResetNextTaskUnblockTime)
    i.prvSampleTimeNow                       0x08003924   Section        0  timers.o(i.prvSampleTimeNow)
    prvSampleTimeNow                         0x08003925   Thumb Code    36  timers.o(i.prvSampleTimeNow)
    i.prvSwitchTimerLists                    0x0800394c   Section        0  timers.o(i.prvSwitchTimerLists)
    prvSwitchTimerLists                      0x0800394d   Thumb Code   104  timers.o(i.prvSwitchTimerLists)
    i.prvTaskExitError                       0x080039b8   Section        0  port.o(i.prvTaskExitError)
    prvTaskExitError                         0x080039b9   Thumb Code    36  port.o(i.prvTaskExitError)
    i.prvTimerTask                           0x080039e0   Section        0  timers.o(i.prvTimerTask)
    prvTimerTask                             0x080039e1   Thumb Code    32  timers.o(i.prvTimerTask)
    i.prvUnlockQueue                         0x08003a04   Section        0  queue.o(i.prvUnlockQueue)
    prvUnlockQueue                           0x08003a05   Thumb Code   106  queue.o(i.prvUnlockQueue)
    i.pvPortMalloc                           0x08003a70   Section        0  heap_4.o(i.pvPortMalloc)
    i.pxPortInitialiseStack                  0x08003b4c   Section        0  port.o(i.pxPortInitialiseStack)
    i.uxListRemove                           0x08003b70   Section        0  list.o(i.uxListRemove)
    i.vApplicationGetIdleTaskMemory          0x08003b98   Section        0  cmsis_os2.o(i.vApplicationGetIdleTaskMemory)
    i.vApplicationGetTimerTaskMemory         0x08003bac   Section        0  cmsis_os2.o(i.vApplicationGetTimerTaskMemory)
    i.vApplicationIdleHook                   0x08003bc4   Section        0  freertos.o(i.vApplicationIdleHook)
    i.vListInitialise                        0x08003bc6   Section        0  list.o(i.vListInitialise)
    i.vListInitialiseItem                    0x08003bdc   Section        0  list.o(i.vListInitialiseItem)
    i.vListInsert                            0x08003be2   Section        0  list.o(i.vListInsert)
    i.vListInsertEnd                         0x08003c12   Section        0  list.o(i.vListInsertEnd)
    i.vPortEnterCritical                     0x08003c2c   Section        0  port.o(i.vPortEnterCritical)
    i.vPortExitCritical                      0x08003c6c   Section        0  port.o(i.vPortExitCritical)
    i.vPortFree                              0x08003c94   Section        0  heap_4.o(i.vPortFree)
    i.vPortSetupTimerInterrupt               0x08003cf8   Section        0  port.o(i.vPortSetupTimerInterrupt)
    i.vPortValidateInterruptPriority         0x08003d1c   Section        0  port.o(i.vPortValidateInterruptPriority)
    i.vQueueAddToRegistry                    0x08003d70   Section        0  queue.o(i.vQueueAddToRegistry)
    i.vQueueWaitForMessageRestricted         0x08003d98   Section        0  queue.o(i.vQueueWaitForMessageRestricted)
    i.vTaskDelay                             0x08003ddc   Section        0  tasks.o(i.vTaskDelay)
    i.vTaskInternalSetTimeOutState           0x08003e28   Section        0  tasks.o(i.vTaskInternalSetTimeOutState)
    i.vTaskMissedYield                       0x08003e38   Section        0  tasks.o(i.vTaskMissedYield)
    i.vTaskPlaceOnEventList                  0x08003e44   Section        0  tasks.o(i.vTaskPlaceOnEventList)
    i.vTaskPlaceOnEventListRestricted        0x08003e74   Section        0  tasks.o(i.vTaskPlaceOnEventListRestricted)
    i.vTaskStartScheduler                    0x08003eac   Section        0  tasks.o(i.vTaskStartScheduler)
    i.vTaskSuspendAll                        0x08003f34   Section        0  tasks.o(i.vTaskSuspendAll)
    i.vTaskSwitchContext                     0x08003f44   Section        0  tasks.o(i.vTaskSwitchContext)
    i.xPortStartScheduler                    0x08003fa8   Section        0  port.o(i.xPortStartScheduler)
    i.xPortSysTickHandler                    0x08004050   Section        0  port.o(i.xPortSysTickHandler)
    i.xQueueGenericCreateStatic              0x0800407c   Section        0  queue.o(i.xQueueGenericCreateStatic)
    i.xQueueGenericReset                     0x080040e4   Section        0  queue.o(i.xQueueGenericReset)
    i.xQueueGenericSend                      0x0800416c   Section        0  queue.o(i.xQueueGenericSend)
    i.xQueueGenericSendFromISR               0x080042cc   Section        0  queue.o(i.xQueueGenericSendFromISR)
    i.xQueueReceive                          0x0800438c   Section        0  queue.o(i.xQueueReceive)
    i.xTaskCheckForTimeOut                   0x080044c4   Section        0  tasks.o(i.xTaskCheckForTimeOut)
    i.xTaskCreate                            0x08004538   Section        0  tasks.o(i.xTaskCreate)
    i.xTaskCreateStatic                      0x08004592   Section        0  tasks.o(i.xTaskCreateStatic)
    i.xTaskGetSchedulerState                 0x080045e8   Section        0  tasks.o(i.xTaskGetSchedulerState)
    i.xTaskGetTickCount                      0x08004604   Section        0  tasks.o(i.xTaskGetTickCount)
    i.xTaskIncrementTick                     0x08004610   Section        0  tasks.o(i.xTaskIncrementTick)
    i.xTaskPriorityDisinherit                0x080046d8   Section        0  tasks.o(i.xTaskPriorityDisinherit)
    i.xTaskRemoveFromEventList               0x08004758   Section        0  tasks.o(i.xTaskRemoveFromEventList)
    i.xTaskResumeAll                         0x080047c8   Section        0  tasks.o(i.xTaskResumeAll)
    i.xTimerCreateTimerTask                  0x0800488c   Section        0  timers.o(i.xTimerCreateTimerTask)
    i.xTimerGenericCommand                   0x080048ec   Section        0  timers.o(i.xTimerGenericCommand)
    .constdata                               0x08004954   Section       36  freertos.o(.constdata)
    .constdata                               0x08004978   Section       18  stm32f1xx_hal_rcc.o(.constdata)
    aPredivFactorTable                       0x08004978   Data           2  stm32f1xx_hal_rcc.o(.constdata)
    aPLLMULFactorTable                       0x0800497a   Data          16  stm32f1xx_hal_rcc.o(.constdata)
    .constdata                               0x0800498a   Section       18  stm32f1xx_hal_rcc_ex.o(.constdata)
    aPredivFactorTable                       0x0800498a   Data           2  stm32f1xx_hal_rcc_ex.o(.constdata)
    aPLLMULFactorTable                       0x0800498c   Data          16  stm32f1xx_hal_rcc_ex.o(.constdata)
    .constdata                               0x0800499c   Section       16  system_stm32f1xx.o(.constdata)
    .constdata                               0x080049ac   Section        8  system_stm32f1xx.o(.constdata)
    .constdata                               0x080049b4   Section       16  key.o(.constdata)
    gpio_key_value                           0x080049b4   Data           4  key.o(.constdata)
    gpio_key_polarity                        0x080049b8   Data           4  key.o(.constdata)
    gpio_key_pin                             0x080049bc   Data           8  key.o(.constdata)
    .constdata                               0x080049c4   Section       25  oled.o(.constdata)
    oled_init_cmd                            0x080049c4   Data          25  oled.o(.constdata)
    .constdata                               0x080049dd   Section      570  oled_font.o(.constdata)
    .constdata                               0x08004c17   Section     1330  oled_font.o(.constdata)
    .constdata                               0x08005149   Section     1520  oled_font.o(.constdata)
    .constdata                               0x08005739   Section      280  oled_font.o(.constdata)
    .constdata                               0x08005851   Section      175  oled_font.o(.constdata)
    .conststring                             0x08005900   Section       12  freertos.o(.conststring)
    .data                                    0x20000000   Section        4  freertos.o(.data)
    .data                                    0x20000004   Section       12  stm32f1xx_hal.o(.data)
    .data                                    0x20000010   Section        4  system_stm32f1xx.o(.data)
    .data                                    0x20000014   Section       60  tasks.o(.data)
    uxDeletedTasksWaitingCleanUp             0x20000018   Data           4  tasks.o(.data)
    uxCurrentNumberOfTasks                   0x2000001c   Data           4  tasks.o(.data)
    xTickCount                               0x20000020   Data           4  tasks.o(.data)
    uxTopReadyPriority                       0x20000024   Data           4  tasks.o(.data)
    xSchedulerRunning                        0x20000028   Data           4  tasks.o(.data)
    xPendedTicks                             0x2000002c   Data           4  tasks.o(.data)
    xYieldPending                            0x20000030   Data           4  tasks.o(.data)
    xNumOfOverflows                          0x20000034   Data           4  tasks.o(.data)
    uxTaskNumber                             0x20000038   Data           4  tasks.o(.data)
    xNextTaskUnblockTime                     0x2000003c   Data           4  tasks.o(.data)
    xIdleTaskHandle                          0x20000040   Data           4  tasks.o(.data)
    uxSchedulerSuspended                     0x20000044   Data           4  tasks.o(.data)
    pxDelayedTaskList                        0x20000048   Data           4  tasks.o(.data)
    pxOverflowDelayedTaskList                0x2000004c   Data           4  tasks.o(.data)
    .data                                    0x20000050   Section       20  timers.o(.data)
    xTimerQueue                              0x20000050   Data           4  timers.o(.data)
    xTimerTaskHandle                         0x20000054   Data           4  timers.o(.data)
    xLastTime                                0x20000058   Data           4  timers.o(.data)
    pxCurrentTimerList                       0x2000005c   Data           4  timers.o(.data)
    pxOverflowTimerList                      0x20000060   Data           4  timers.o(.data)
    .data                                    0x20000064   Section        4  cmsis_os2.o(.data)
    KernelState                              0x20000064   Data           4  cmsis_os2.o(.data)
    .data                                    0x20000068   Section       32  heap_4.o(.data)
    pxEnd                                    0x20000068   Data           4  heap_4.o(.data)
    xFreeBytesRemaining                      0x2000006c   Data           4  heap_4.o(.data)
    xMinimumEverFreeBytesRemaining           0x20000070   Data           4  heap_4.o(.data)
    xNumberOfSuccessfulAllocations           0x20000074   Data           4  heap_4.o(.data)
    xNumberOfSuccessfulFrees                 0x20000078   Data           4  heap_4.o(.data)
    xBlockAllocatedBit                       0x2000007c   Data           4  heap_4.o(.data)
    xStart                                   0x20000080   Data           8  heap_4.o(.data)
    .data                                    0x20000088   Section       12  port.o(.data)
    ucMaxSysCallPriority                     0x20000088   Data           1  port.o(.data)
    uxCriticalNesting                        0x2000008c   Data           4  port.o(.data)
    ulMaxPRIGROUPValue                       0x20000090   Data           4  port.o(.data)
    .data                                    0x20000094   Section       32  key.o(.data)
    last_key                                 0x20000094   Data           1  key.o(.data)
    debounce_count                           0x20000095   Data           1  key.o(.data)
    click_count                              0x20000096   Data           1  key.o(.data)
    pending_key                              0x20000097   Data           1  key.o(.data)
    multi_click_timer                        0x20000098   Data           1  key.o(.data)
    key_state                                0x20000099   Data           2  key.o(.data)
    press_duration                           0x2000009c   Data           2  key.o(.data)
    gpio_key_port                            0x200000a4   Data          16  key.o(.data)
    .data                                    0x200000b4   Section        4  stdout.o(.data)
    .data                                    0x200000b8   Section        4  mvars.o(.data)
    .data                                    0x200000bc   Section        4  mvars.o(.data)
    .bss                                     0x200000c0   Section       84  i2c.o(.bss)
    .bss                                     0x20000114   Section       20  rtc.o(.bss)
    .bss                                     0x20000128   Section       72  tim.o(.bss)
    .bss                                     0x20000170   Section       72  usart.o(.bss)
    .bss                                     0x200001b8   Section       72  stm32f1xx_hal_timebase_tim.o(.bss)
    .bss                                     0x20000200   Section       64  queue.o(.bss)
    .bss                                     0x20000240   Section     1220  tasks.o(.bss)
    pxReadyTasksLists                        0x20000240   Data        1120  tasks.o(.bss)
    xDelayedTaskList1                        0x200006a0   Data          20  tasks.o(.bss)
    xDelayedTaskList2                        0x200006b4   Data          20  tasks.o(.bss)
    xPendingReadyList                        0x200006c8   Data          20  tasks.o(.bss)
    xTasksWaitingTermination                 0x200006dc   Data          20  tasks.o(.bss)
    xSuspendedTaskList                       0x200006f0   Data          20  tasks.o(.bss)
    .bss                                     0x20000704   Section      280  timers.o(.bss)
    xStaticTimerQueue                        0x20000704   Data          80  timers.o(.bss)
    ucStaticTimerQueueStorage                0x20000754   Data         160  timers.o(.bss)
    xActiveTimerList1                        0x200007f4   Data          20  timers.o(.bss)
    xActiveTimerList2                        0x20000808   Data          20  timers.o(.bss)
    .bss                                     0x2000081c   Section     1720  cmsis_os2.o(.bss)
    Idle_TCB                                 0x2000081c   Data          92  cmsis_os2.o(.bss)
    Idle_Stack                               0x20000878   Data         512  cmsis_os2.o(.bss)
    Timer_TCB                                0x20000a78   Data          92  cmsis_os2.o(.bss)
    Timer_Stack                              0x20000ad4   Data        1024  cmsis_os2.o(.bss)
    .bss                                     0x20000ed4   Section     8000  heap_4.o(.bss)
    ucHeap                                   0x20000ed4   Data        8000  heap_4.o(.bss)
    .bss                                     0x20002e14   Section     1024  oled.o(.bss)
    oled_display_buffer                      0x20002e14   Data        1024  oled.o(.bss)
    HEAP                                     0x20003218   Section      512  startup_stm32f103xb.o(HEAP)
    STACK                                    0x20003418   Section     1024  startup_stm32f103xb.o(STACK)

    Global Symbols

    Symbol Name                              Value     Ov Type        Size  Object(Section)

    BuildAttributes$$THM_ISAv4$P$D$K$B$S$PE$A:L22UL41UL21$X:L11$S22US41US21$IEEE1$IW$USESV6$~STKCKD$USESV7$~SHL$OSPACE$ROPI$EBA8$MICROLIB$REQ8$PRES8$EABIv2 0x00000000   Number         0  anon$$obj.o ABSOLUTE
    __ARM_use_no_argv                        0x00000000   Number         0  main.o ABSOLUTE
    _printf_a                                0x00000000   Number         0  stubs.o ABSOLUTE
    _printf_c                                0x00000000   Number         0  stubs.o ABSOLUTE
    _printf_charcount                        0x00000000   Number         0  stubs.o ABSOLUTE
    _printf_d                                0x00000000   Number         0  stubs.o ABSOLUTE
    _printf_e                                0x00000000   Number         0  stubs.o ABSOLUTE
    _printf_f                                0x00000000   Number         0  stubs.o ABSOLUTE
    _printf_flags                            0x00000000   Number         0  stubs.o ABSOLUTE
    _printf_fp_dec                           0x00000000   Number         0  stubs.o ABSOLUTE
    _printf_fp_hex                           0x00000000   Number         0  stubs.o ABSOLUTE
    _printf_g                                0x00000000   Number         0  stubs.o ABSOLUTE
    _printf_i                                0x00000000   Number         0  stubs.o ABSOLUTE
    _printf_int_dec                          0x00000000   Number         0  stubs.o ABSOLUTE
    _printf_l                                0x00000000   Number         0  stubs.o ABSOLUTE
    _printf_lc                               0x00000000   Number         0  stubs.o ABSOLUTE
    _printf_ll                               0x00000000   Number         0  stubs.o ABSOLUTE
    _printf_lld                              0x00000000   Number         0  stubs.o ABSOLUTE
    _printf_lli                              0x00000000   Number         0  stubs.o ABSOLUTE
    _printf_llo                              0x00000000   Number         0  stubs.o ABSOLUTE
    _printf_llu                              0x00000000   Number         0  stubs.o ABSOLUTE
    _printf_llx                              0x00000000   Number         0  stubs.o ABSOLUTE
    _printf_longlong_dec                     0x00000000   Number         0  stubs.o ABSOLUTE
    _printf_longlong_hex                     0x00000000   Number         0  stubs.o ABSOLUTE
    _printf_longlong_oct                     0x00000000   Number         0  stubs.o ABSOLUTE
    _printf_ls                               0x00000000   Number         0  stubs.o ABSOLUTE
    _printf_mbtowc                           0x00000000   Number         0  stubs.o ABSOLUTE
    _printf_n                                0x00000000   Number         0  stubs.o ABSOLUTE
    _printf_o                                0x00000000   Number         0  stubs.o ABSOLUTE
    _printf_p                                0x00000000   Number         0  stubs.o ABSOLUTE
    _printf_percent                          0x00000000   Number         0  stubs.o ABSOLUTE
    _printf_pre_padding                      0x00000000   Number         0  stubs.o ABSOLUTE
    _printf_return_value                     0x00000000   Number         0  stubs.o ABSOLUTE
    _printf_s                                0x00000000   Number         0  stubs.o ABSOLUTE
    _printf_sizespec                         0x00000000   Number         0  stubs.o ABSOLUTE
    _printf_str                              0x00000000   Number         0  stubs.o ABSOLUTE
    _printf_truncate_signed                  0x00000000   Number         0  stubs.o ABSOLUTE
    _printf_truncate_unsigned                0x00000000   Number         0  stubs.o ABSOLUTE
    _printf_u                                0x00000000   Number         0  stubs.o ABSOLUTE
    _printf_wc                               0x00000000   Number         0  stubs.o ABSOLUTE
    _printf_wctomb                           0x00000000   Number         0  stubs.o ABSOLUTE
    _printf_widthprec                        0x00000000   Number         0  stubs.o ABSOLUTE
    _printf_x                                0x00000000   Number         0  stubs.o ABSOLUTE
    __cpp_initialize__aeabi_                  - Undefined Weak Reference
    __cxa_finalize                            - Undefined Weak Reference
    __decompress                              - Undefined Weak Reference
    _clock_init                               - Undefined Weak Reference
    _microlib_exit                            - Undefined Weak Reference
    __Vectors_Size                           0x000000ec   Number         0  startup_stm32f103xb.o ABSOLUTE
    __Vectors                                0x08000000   Data           4  startup_stm32f103xb.o(RESET)
    __Vectors_End                            0x080000ec   Data           0  startup_stm32f103xb.o(RESET)
    __main                                   0x080000ed   Thumb Code     0  entry.o(.ARM.Collect$$$$00000000)
    _main_stk                                0x080000ed   Thumb Code     0  entry2.o(.ARM.Collect$$$$00000001)
    _main_scatterload                        0x080000f1   Thumb Code     0  entry5.o(.ARM.Collect$$$$00000004)
    __main_after_scatterload                 0x080000f5   Thumb Code     0  entry5.o(.ARM.Collect$$$$00000004)
    _main_clock                              0x080000f5   Thumb Code     0  entry7b.o(.ARM.Collect$$$$00000008)
    _main_cpp_init                           0x080000f5   Thumb Code     0  entry8b.o(.ARM.Collect$$$$0000000A)
    _main_init                               0x080000f5   Thumb Code     0  entry9a.o(.ARM.Collect$$$$0000000B)
    __rt_final_cpp                           0x080000fd   Thumb Code     0  entry10a.o(.ARM.Collect$$$$0000000D)
    __rt_final_exit                          0x080000fd   Thumb Code     0  entry11a.o(.ARM.Collect$$$$0000000F)
    SVC_Handler                              0x08000101   Thumb Code    32  port.o(.emb_text)
    __asm___6_port_c_39a90d8d__prvStartFirstTask 0x08000125   Thumb Code    28  port.o(.emb_text)
    PendSV_Handler                           0x08000145   Thumb Code    72  port.o(.emb_text)
    vPortGetIPSR                             0x08000191   Thumb Code     6  port.o(.emb_text)
    Reset_Handler                            0x08000199   Thumb Code     8  startup_stm32f103xb.o(.text)
    ADC1_2_IRQHandler                        0x080001b3   Thumb Code     0  startup_stm32f103xb.o(.text)
    CAN1_RX1_IRQHandler                      0x080001b3   Thumb Code     0  startup_stm32f103xb.o(.text)
    CAN1_SCE_IRQHandler                      0x080001b3   Thumb Code     0  startup_stm32f103xb.o(.text)
    DMA1_Channel1_IRQHandler                 0x080001b3   Thumb Code     0  startup_stm32f103xb.o(.text)
    DMA1_Channel2_IRQHandler                 0x080001b3   Thumb Code     0  startup_stm32f103xb.o(.text)
    DMA1_Channel3_IRQHandler                 0x080001b3   Thumb Code     0  startup_stm32f103xb.o(.text)
    DMA1_Channel4_IRQHandler                 0x080001b3   Thumb Code     0  startup_stm32f103xb.o(.text)
    DMA1_Channel5_IRQHandler                 0x080001b3   Thumb Code     0  startup_stm32f103xb.o(.text)
    DMA1_Channel6_IRQHandler                 0x080001b3   Thumb Code     0  startup_stm32f103xb.o(.text)
    DMA1_Channel7_IRQHandler                 0x080001b3   Thumb Code     0  startup_stm32f103xb.o(.text)
    EXTI0_IRQHandler                         0x080001b3   Thumb Code     0  startup_stm32f103xb.o(.text)
    EXTI15_10_IRQHandler                     0x080001b3   Thumb Code     0  startup_stm32f103xb.o(.text)
    EXTI1_IRQHandler                         0x080001b3   Thumb Code     0  startup_stm32f103xb.o(.text)
    EXTI2_IRQHandler                         0x080001b3   Thumb Code     0  startup_stm32f103xb.o(.text)
    EXTI3_IRQHandler                         0x080001b3   Thumb Code     0  startup_stm32f103xb.o(.text)
    EXTI4_IRQHandler                         0x080001b3   Thumb Code     0  startup_stm32f103xb.o(.text)
    EXTI9_5_IRQHandler                       0x080001b3   Thumb Code     0  startup_stm32f103xb.o(.text)
    FLASH_IRQHandler                         0x080001b3   Thumb Code     0  startup_stm32f103xb.o(.text)
    I2C1_ER_IRQHandler                       0x080001b3   Thumb Code     0  startup_stm32f103xb.o(.text)
    I2C1_EV_IRQHandler                       0x080001b3   Thumb Code     0  startup_stm32f103xb.o(.text)
    I2C2_ER_IRQHandler                       0x080001b3   Thumb Code     0  startup_stm32f103xb.o(.text)
    I2C2_EV_IRQHandler                       0x080001b3   Thumb Code     0  startup_stm32f103xb.o(.text)
    PVD_IRQHandler                           0x080001b3   Thumb Code     0  startup_stm32f103xb.o(.text)
    RCC_IRQHandler                           0x080001b3   Thumb Code     0  startup_stm32f103xb.o(.text)
    RTC_Alarm_IRQHandler                     0x080001b3   Thumb Code     0  startup_stm32f103xb.o(.text)
    RTC_IRQHandler                           0x080001b3   Thumb Code     0  startup_stm32f103xb.o(.text)
    SPI1_IRQHandler                          0x080001b3   Thumb Code     0  startup_stm32f103xb.o(.text)
    SPI2_IRQHandler                          0x080001b3   Thumb Code     0  startup_stm32f103xb.o(.text)
    TAMPER_IRQHandler                        0x080001b3   Thumb Code     0  startup_stm32f103xb.o(.text)
    TIM1_BRK_IRQHandler                      0x080001b3   Thumb Code     0  startup_stm32f103xb.o(.text)
    TIM1_CC_IRQHandler                       0x080001b3   Thumb Code     0  startup_stm32f103xb.o(.text)
    TIM1_TRG_COM_IRQHandler                  0x080001b3   Thumb Code     0  startup_stm32f103xb.o(.text)
    TIM1_UP_IRQHandler                       0x080001b3   Thumb Code     0  startup_stm32f103xb.o(.text)
    TIM2_IRQHandler                          0x080001b3   Thumb Code     0  startup_stm32f103xb.o(.text)
    USART1_IRQHandler                        0x080001b3   Thumb Code     0  startup_stm32f103xb.o(.text)
    USART2_IRQHandler                        0x080001b3   Thumb Code     0  startup_stm32f103xb.o(.text)
    USART3_IRQHandler                        0x080001b3   Thumb Code     0  startup_stm32f103xb.o(.text)
    USBWakeUp_IRQHandler                     0x080001b3   Thumb Code     0  startup_stm32f103xb.o(.text)
    USB_HP_CAN1_TX_IRQHandler                0x080001b3   Thumb Code     0  startup_stm32f103xb.o(.text)
    USB_LP_CAN1_RX0_IRQHandler               0x080001b3   Thumb Code     0  startup_stm32f103xb.o(.text)
    WWDG_IRQHandler                          0x080001b3   Thumb Code     0  startup_stm32f103xb.o(.text)
    __aeabi_llsr                             0x080001bd   Thumb Code    32  llushr.o(.text)
    _ll_ushift_r                             0x080001bd   Thumb Code     0  llushr.o(.text)
    __aeabi_memcpy                           0x080001dd   Thumb Code    36  memcpya.o(.text)
    __aeabi_memcpy4                          0x080001dd   Thumb Code     0  memcpya.o(.text)
    __aeabi_memcpy8                          0x080001dd   Thumb Code     0  memcpya.o(.text)
    __aeabi_memset                           0x08000201   Thumb Code    14  memseta.o(.text)
    __aeabi_memset4                          0x08000201   Thumb Code     0  memseta.o(.text)
    __aeabi_memset8                          0x08000201   Thumb Code     0  memseta.o(.text)
    __aeabi_memclr                           0x0800020f   Thumb Code     4  memseta.o(.text)
    __aeabi_memclr4                          0x0800020f   Thumb Code     0  memseta.o(.text)
    __aeabi_memclr8                          0x0800020f   Thumb Code     0  memseta.o(.text)
    memset                                   0x08000213   Thumb Code    18  memseta.o(.text)
    strcmp                                   0x08000225   Thumb Code    28  strcmp.o(.text)
    __aeabi_uidiv                            0x08000241   Thumb Code     0  uidiv.o(.text)
    __aeabi_uidivmod                         0x08000241   Thumb Code    44  uidiv.o(.text)
    __aeabi_uldivmod                         0x0800026d   Thumb Code    98  uldiv.o(.text)
    __I$use$fp                               0x080002cf   Thumb Code     0  iusefp.o(.text)
    __aeabi_dadd                             0x080002cf   Thumb Code   322  dadd.o(.text)
    __aeabi_dsub                             0x08000411   Thumb Code     6  dadd.o(.text)
    __aeabi_drsub                            0x08000417   Thumb Code     6  dadd.o(.text)
    __aeabi_dmul                             0x0800041d   Thumb Code   228  dmul.o(.text)
    __aeabi_ddiv                             0x08000501   Thumb Code   222  ddiv.o(.text)
    __aeabi_d2ulz                            0x080005df   Thumb Code    48  dfixul.o(.text)
    __aeabi_cdrcmple                         0x08000611   Thumb Code    48  cdrcmple.o(.text)
    __scatterload                            0x08000641   Thumb Code    28  init.o(.text)
    __scatterload_rt2                        0x08000641   Thumb Code     0  init.o(.text)
    __aeabi_llsl                             0x08000665   Thumb Code    30  llshl.o(.text)
    _ll_shift_l                              0x08000665   Thumb Code     0  llshl.o(.text)
    __aeabi_lasr                             0x08000683   Thumb Code    36  llsshr.o(.text)
    _ll_sshift_r                             0x08000683   Thumb Code     0  llsshr.o(.text)
    _double_round                            0x080006a7   Thumb Code    30  depilogue.o(.text)
    _double_epilogue                         0x080006c5   Thumb Code   156  depilogue.o(.text)
    BusFault_Handler                         0x08000761   Thumb Code     2  stm32f1xx_it.o(i.BusFault_Handler)
    DebugMon_Handler                         0x08000763   Thumb Code     2  stm32f1xx_it.o(i.DebugMon_Handler)
    Error_Handler                            0x08000765   Thumb Code     4  main.o(i.Error_Handler)
    HAL_Delay                                0x08000769   Thumb Code    32  stm32f1xx_hal.o(i.HAL_Delay)
    HAL_GPIO_Init                            0x0800078d   Thumb Code   446  stm32f1xx_hal_gpio.o(i.HAL_GPIO_Init)
    HAL_GPIO_ReadPin                         0x0800096d   Thumb Code    10  stm32f1xx_hal_gpio.o(i.HAL_GPIO_ReadPin)
    HAL_GetTick                              0x08000979   Thumb Code     6  stm32f1xx_hal.o(i.HAL_GetTick)
    HAL_I2C_Init                             0x08000985   Thumb Code   376  stm32f1xx_hal_i2c.o(i.HAL_I2C_Init)
    HAL_I2C_Master_Transmit                  0x08000b0d   Thumb Code   290  stm32f1xx_hal_i2c.o(i.HAL_I2C_Master_Transmit)
    HAL_I2C_MspInit                          0x08000c39   Thumb Code    80  i2c.o(i.HAL_I2C_MspInit)
    HAL_IncTick                              0x08000c95   Thumb Code    12  stm32f1xx_hal.o(i.HAL_IncTick)
    HAL_Init                                 0x08000ca5   Thumb Code    32  stm32f1xx_hal.o(i.HAL_Init)
    HAL_InitTick                             0x08000cc9   Thumb Code   132  stm32f1xx_hal_timebase_tim.o(i.HAL_InitTick)
    HAL_MspInit                              0x08000d61   Thumb Code    62  stm32f1xx_hal_msp.o(i.HAL_MspInit)
    HAL_NVIC_EnableIRQ                       0x08000da9   Thumb Code    26  stm32f1xx_hal_cortex.o(i.HAL_NVIC_EnableIRQ)
    HAL_NVIC_SetPriority                     0x08000dc5   Thumb Code    60  stm32f1xx_hal_cortex.o(i.HAL_NVIC_SetPriority)
    HAL_NVIC_SetPriorityGrouping             0x08000e05   Thumb Code    26  stm32f1xx_hal_cortex.o(i.HAL_NVIC_SetPriorityGrouping)
    HAL_PWR_EnableBkUpAccess                 0x08000e29   Thumb Code     8  stm32f1xx_hal_pwr.o(i.HAL_PWR_EnableBkUpAccess)
    HAL_RCCEx_GetPeriphCLKFreq               0x08000e35   Thumb Code   148  stm32f1xx_hal_rcc_ex.o(i.HAL_RCCEx_GetPeriphCLKFreq)
    HAL_RCCEx_PeriphCLKConfig                0x08000ed9   Thumb Code   224  stm32f1xx_hal_rcc_ex.o(i.HAL_RCCEx_PeriphCLKConfig)
    HAL_RCC_ClockConfig                      0x08000fc5   Thumb Code   280  stm32f1xx_hal_rcc.o(i.HAL_RCC_ClockConfig)
    HAL_RCC_GetClockConfig                   0x080010f1   Thumb Code    54  stm32f1xx_hal_rcc.o(i.HAL_RCC_GetClockConfig)
    HAL_RCC_GetPCLK1Freq                     0x08001131   Thumb Code    20  stm32f1xx_hal_rcc.o(i.HAL_RCC_GetPCLK1Freq)
    HAL_RCC_GetPCLK2Freq                     0x08001151   Thumb Code    20  stm32f1xx_hal_rcc.o(i.HAL_RCC_GetPCLK2Freq)
    HAL_RCC_GetSysClockFreq                  0x08001171   Thumb Code    58  stm32f1xx_hal_rcc.o(i.HAL_RCC_GetSysClockFreq)
    HAL_RCC_OscConfig                        0x080011bd   Thumb Code   778  stm32f1xx_hal_rcc.o(i.HAL_RCC_OscConfig)
    HAL_RTC_Init                             0x080014dd   Thumb Code   144  stm32f1xx_hal_rtc.o(i.HAL_RTC_Init)
    HAL_RTC_MspInit                          0x08001571   Thumb Code    40  rtc.o(i.HAL_RTC_MspInit)
    HAL_RTC_WaitForSynchro                   0x080015a5   Thumb Code    58  stm32f1xx_hal_rtc.o(i.HAL_RTC_WaitForSynchro)
    HAL_TIMEx_BreakCallback                  0x080015df   Thumb Code     2  stm32f1xx_hal_tim_ex.o(i.HAL_TIMEx_BreakCallback)
    HAL_TIMEx_CommutCallback                 0x080015e1   Thumb Code     2  stm32f1xx_hal_tim_ex.o(i.HAL_TIMEx_CommutCallback)
    HAL_TIMEx_MasterConfigSynchronization    0x080015e5   Thumb Code    92  stm32f1xx_hal_tim_ex.o(i.HAL_TIMEx_MasterConfigSynchronization)
    HAL_TIM_Base_Init                        0x0800164d   Thumb Code    90  stm32f1xx_hal_tim.o(i.HAL_TIM_Base_Init)
    HAL_TIM_Base_MspInit                     0x080016a9   Thumb Code    50  tim.o(i.HAL_TIM_Base_MspInit)
    HAL_TIM_Base_Start_IT                    0x080016e5   Thumb Code    76  stm32f1xx_hal_tim.o(i.HAL_TIM_Base_Start_IT)
    HAL_TIM_ConfigClockSource                0x0800173d   Thumb Code   220  stm32f1xx_hal_tim.o(i.HAL_TIM_ConfigClockSource)
    HAL_TIM_IC_CaptureCallback               0x08001819   Thumb Code     2  stm32f1xx_hal_tim.o(i.HAL_TIM_IC_CaptureCallback)
    HAL_TIM_IRQHandler                       0x0800181b   Thumb Code   304  stm32f1xx_hal_tim.o(i.HAL_TIM_IRQHandler)
    HAL_TIM_OC_DelayElapsedCallback          0x0800194b   Thumb Code     2  stm32f1xx_hal_tim.o(i.HAL_TIM_OC_DelayElapsedCallback)
    HAL_TIM_PWM_PulseFinishedCallback        0x0800194d   Thumb Code     2  stm32f1xx_hal_tim.o(i.HAL_TIM_PWM_PulseFinishedCallback)
    HAL_TIM_PeriodElapsedCallback            0x08001951   Thumb Code    14  main.o(i.HAL_TIM_PeriodElapsedCallback)
    HAL_TIM_TriggerCallback                  0x08001965   Thumb Code     2  stm32f1xx_hal_tim.o(i.HAL_TIM_TriggerCallback)
    HAL_UART_Init                            0x08001967   Thumb Code   100  stm32f1xx_hal_uart.o(i.HAL_UART_Init)
    HAL_UART_MspInit                         0x080019cd   Thumb Code   100  usart.o(i.HAL_UART_MspInit)
    HAL_UART_Transmit                        0x08001a3d   Thumb Code   160  stm32f1xx_hal_uart.o(i.HAL_UART_Transmit)
    HardFault_Handler                        0x08001add   Thumb Code     2  stm32f1xx_it.o(i.HardFault_Handler)
    MX_FREERTOS_Init                         0x08001da5   Thumb Code    32  freertos.o(i.MX_FREERTOS_Init)
    MX_GPIO_Init                             0x08001dd5   Thumb Code    96  gpio.o(i.MX_GPIO_Init)
    MX_I2C1_Init                             0x08001e3d   Thumb Code    50  i2c.o(i.MX_I2C1_Init)
    MX_RTC_Init                              0x08001e7d   Thumb Code    38  rtc.o(i.MX_RTC_Init)
    MX_TIM3_Init                             0x08001ead   Thumb Code    96  tim.o(i.MX_TIM3_Init)
    MX_USART1_UART_Init                      0x08001f15   Thumb Code    48  usart.o(i.MX_USART1_UART_Init)
    MemManage_Handler                        0x08001f4d   Thumb Code     2  stm32f1xx_it.o(i.MemManage_Handler)
    NMI_Handler                              0x08001f4f   Thumb Code     2  stm32f1xx_it.o(i.NMI_Handler)
    StartDefaultTask                         0x0800203d   Thumb Code    98  freertos.o(i.StartDefaultTask)
    SysTick_Handler                          0x080020d5   Thumb Code    26  cmsis_os2.o(i.SysTick_Handler)
    SystemClock_Config                       0x080020ef   Thumb Code   122  main.o(i.SystemClock_Config)
    SystemInit                               0x08002169   Thumb Code     2  system_stm32f1xx.o(i.SystemInit)
    TIM3_IRQHandler                          0x0800216d   Thumb Code    16  stm32f1xx_it.o(i.TIM3_IRQHandler)
    TIM4_IRQHandler                          0x08002181   Thumb Code     6  stm32f1xx_it.o(i.TIM4_IRQHandler)
    TIM_Base_SetConfig                       0x0800218d   Thumb Code   108  stm32f1xx_hal_tim.o(i.TIM_Base_SetConfig)
    TIM_ETR_SetConfig                        0x08002205   Thumb Code    20  stm32f1xx_hal_tim.o(i.TIM_ETR_SetConfig)
    UsageFault_Handler                       0x080023e7   Thumb Code     2  stm32f1xx_it.o(i.UsageFault_Handler)
    __0printf                                0x080023e9   Thumb Code    22  printfa.o(i.__0printf)
    __1printf                                0x080023e9   Thumb Code     0  printfa.o(i.__0printf)
    __2printf                                0x080023e9   Thumb Code     0  printfa.o(i.__0printf)
    __c89printf                              0x080023e9   Thumb Code     0  printfa.o(i.__0printf)
    printf                                   0x080023e9   Thumb Code     0  printfa.o(i.__0printf)
    __scatterload_copy                       0x08002429   Thumb Code    14  handlers.o(i.__scatterload_copy)
    __scatterload_null                       0x08002437   Thumb Code     2  handlers.o(i.__scatterload_null)
    __scatterload_zeroinit                   0x08002439   Thumb Code    14  handlers.o(i.__scatterload_zeroinit)
    fputc                                    0x08002cfd   Thumb Code    20  usart.o(i.fputc)
    free                                     0x08002d15   Thumb Code    76  malloc.o(i.free)
    key_get_state                            0x08002d65   Thumb Code    20  key.o(i.key_get_state)
    key_init                                 0x08002d7d   Thumb Code    10  key.o(i.key_init)
    key_period_setting                       0x08002d89   Thumb Code    26  key.o(i.key_period_setting)
    key_tick                                 0x08002da9   Thumb Code   226  key.o(i.key_tick)
    main                                     0x08002e95   Thumb Code    42  main.o(i.main)
    malloc                                   0x08002ec1   Thumb Code    92  malloc.o(i.malloc)
    oled_clear_all                           0x08002f2d   Thumb Code    34  oled.o(i.oled_clear_all)
    oled_clear_area                          0x08002f55   Thumb Code    70  oled.o(i.oled_clear_area)
    oled_init                                0x08002fa1   Thumb Code    28  oled.o(i.oled_init)
    oled_set_cursor                          0x08002fc1   Thumb Code    38  oled.o(i.oled_set_cursor)
    oled_show_char                           0x08002fe9   Thumb Code    72  oled.o(i.oled_show_char)
    oled_show_image                          0x0800303d   Thumb Code   162  oled.o(i.oled_show_image)
    oled_show_string                         0x080030e5   Thumb Code   188  oled.o(i.oled_show_string)
    oled_update_all                          0x080031ad   Thumb Code    34  oled.o(i.oled_update_all)
    osDelay                                  0x080031d5   Thumb Code    26  cmsis_os2.o(i.osDelay)
    osKernelInitialize                       0x080031f1   Thumb Code    32  cmsis_os2.o(i.osKernelInitialize)
    osKernelStart                            0x08003215   Thumb Code    48  cmsis_os2.o(i.osKernelStart)
    osThreadNew                              0x0800324d   Thumb Code   138  cmsis_os2.o(i.osThreadNew)
    pvPortMalloc                             0x08003a71   Thumb Code   216  heap_4.o(i.pvPortMalloc)
    pxPortInitialiseStack                    0x08003b4d   Thumb Code    32  port.o(i.pxPortInitialiseStack)
    uxListRemove                             0x08003b71   Thumb Code    38  list.o(i.uxListRemove)
    vApplicationGetIdleTaskMemory            0x08003b99   Thumb Code    16  cmsis_os2.o(i.vApplicationGetIdleTaskMemory)
    vApplicationGetTimerTaskMemory           0x08003bad   Thumb Code    18  cmsis_os2.o(i.vApplicationGetTimerTaskMemory)
    vApplicationIdleHook                     0x08003bc5   Thumb Code     2  freertos.o(i.vApplicationIdleHook)
    vListInitialise                          0x08003bc7   Thumb Code    22  list.o(i.vListInitialise)
    vListInitialiseItem                      0x08003bdd   Thumb Code     6  list.o(i.vListInitialiseItem)
    vListInsert                              0x08003be3   Thumb Code    48  list.o(i.vListInsert)
    vListInsertEnd                           0x08003c13   Thumb Code    24  list.o(i.vListInsertEnd)
    vPortEnterCritical                       0x08003c2d   Thumb Code    54  port.o(i.vPortEnterCritical)
    vPortExitCritical                        0x08003c6d   Thumb Code    34  port.o(i.vPortExitCritical)
    vPortFree                                0x08003c95   Thumb Code    94  heap_4.o(i.vPortFree)
    vPortSetupTimerInterrupt                 0x08003cf9   Thumb Code    32  port.o(i.vPortSetupTimerInterrupt)
    vPortValidateInterruptPriority           0x08003d1d   Thumb Code    74  port.o(i.vPortValidateInterruptPriority)
    vQueueAddToRegistry                      0x08003d71   Thumb Code    34  queue.o(i.vQueueAddToRegistry)
    vQueueWaitForMessageRestricted           0x08003d99   Thumb Code    68  queue.o(i.vQueueWaitForMessageRestricted)
    vTaskDelay                               0x08003ddd   Thumb Code    66  tasks.o(i.vTaskDelay)
    vTaskInternalSetTimeOutState             0x08003e29   Thumb Code    12  tasks.o(i.vTaskInternalSetTimeOutState)
    vTaskMissedYield                         0x08003e39   Thumb Code     8  tasks.o(i.vTaskMissedYield)
    vTaskPlaceOnEventList                    0x08003e45   Thumb Code    44  tasks.o(i.vTaskPlaceOnEventList)
    vTaskPlaceOnEventListRestricted          0x08003e75   Thumb Code    52  tasks.o(i.vTaskPlaceOnEventListRestricted)
    vTaskStartScheduler                      0x08003ead   Thumb Code   118  tasks.o(i.vTaskStartScheduler)
    vTaskSuspendAll                          0x08003f35   Thumb Code    10  tasks.o(i.vTaskSuspendAll)
    vTaskSwitchContext                       0x08003f45   Thumb Code    90  tasks.o(i.vTaskSwitchContext)
    xPortStartScheduler                      0x08003fa9   Thumb Code   154  port.o(i.xPortStartScheduler)
    xPortSysTickHandler                      0x08004051   Thumb Code    38  port.o(i.xPortSysTickHandler)
    xQueueGenericCreateStatic                0x0800407d   Thumb Code   102  queue.o(i.xQueueGenericCreateStatic)
    xQueueGenericReset                       0x080040e5   Thumb Code   132  queue.o(i.xQueueGenericReset)
    xQueueGenericSend                        0x0800416d   Thumb Code   346  queue.o(i.xQueueGenericSend)
    xQueueGenericSendFromISR                 0x080042cd   Thumb Code   190  queue.o(i.xQueueGenericSendFromISR)
    xQueueReceive                            0x0800438d   Thumb Code   308  queue.o(i.xQueueReceive)
    xTaskCheckForTimeOut                     0x080044c5   Thumb Code   112  tasks.o(i.xTaskCheckForTimeOut)
    xTaskCreate                              0x08004539   Thumb Code    90  tasks.o(i.xTaskCreate)
    xTaskCreateStatic                        0x08004593   Thumb Code    86  tasks.o(i.xTaskCreateStatic)
    xTaskGetSchedulerState                   0x080045e9   Thumb Code    22  tasks.o(i.xTaskGetSchedulerState)
    xTaskGetTickCount                        0x08004605   Thumb Code     6  tasks.o(i.xTaskGetTickCount)
    xTaskIncrementTick                       0x08004611   Thumb Code   192  tasks.o(i.xTaskIncrementTick)
    xTaskPriorityDisinherit                  0x080046d9   Thumb Code   118  tasks.o(i.xTaskPriorityDisinherit)
    xTaskRemoveFromEventList                 0x08004759   Thumb Code    98  tasks.o(i.xTaskRemoveFromEventList)
    xTaskResumeAll                           0x080047c9   Thumb Code   182  tasks.o(i.xTaskResumeAll)
    xTimerCreateTimerTask                    0x0800488d   Thumb Code    78  timers.o(i.xTimerCreateTimerTask)
    xTimerGenericCommand                     0x080048ed   Thumb Code    98  timers.o(i.xTimerGenericCommand)
    defaultTask_attributes                   0x08004954   Data          36  freertos.o(.constdata)
    AHBPrescTable                            0x0800499c   Data          16  system_stm32f1xx.o(.constdata)
    APBPrescTable                            0x080049ac   Data           8  system_stm32f1xx.o(.constdata)
    oled_font_6x8                            0x080049dd   Data         570  oled_font.o(.constdata)
    oled_font_7x12                           0x08004c17   Data        1330  oled_font.o(.constdata)
    oled_font_8x16                           0x08005149   Data        1520  oled_font.o(.constdata)
    oled_Cfont_12x12                         0x08005739   Data         280  oled_font.o(.constdata)
    oled_Cfont_16x16                         0x08005851   Data         175  oled_font.o(.constdata)
    Region$$Table$$Base                      0x0800590c   Number         0  anon$$obj.o(Region$$Table)
    Region$$Table$$Limit                     0x0800592c   Number         0  anon$$obj.o(Region$$Table)
    defaultTaskHandle                        0x20000000   Data           4  freertos.o(.data)
    uwTickFreq                               0x20000004   Data           1  stm32f1xx_hal.o(.data)
    uwTickPrio                               0x20000008   Data           4  stm32f1xx_hal.o(.data)
    uwTick                                   0x2000000c   Data           4  stm32f1xx_hal.o(.data)
    SystemCoreClock                          0x20000010   Data           4  system_stm32f1xx.o(.data)
    pxCurrentTCB                             0x20000014   Data           4  tasks.o(.data)
    key_long_press_time                      0x2000009e   Data           2  key.o(.data)
    key_hold_press_time                      0x200000a0   Data           2  key.o(.data)
    key_multi_click_timeout                  0x200000a2   Data           2  key.o(.data)
    __stdout                                 0x200000b4   Data           4  stdout.o(.data)
    __microlib_freelist                      0x200000b8   Data           4  mvars.o(.data)
    __microlib_freelist_initialised          0x200000bc   Data           4  mvars.o(.data)
    hi2c1                                    0x200000c0   Data          84  i2c.o(.bss)
    hrtc                                     0x20000114   Data          20  rtc.o(.bss)
    htim3                                    0x20000128   Data          72  tim.o(.bss)
    huart1                                   0x20000170   Data          72  usart.o(.bss)
    htim4                                    0x200001b8   Data          72  stm32f1xx_hal_timebase_tim.o(.bss)
    xQueueRegistry                           0x20000200   Data          64  queue.o(.bss)
    __heap_base                              0x20003218   Data           0  startup_stm32f103xb.o(HEAP)
    __heap_limit                             0x20003418   Data           0  startup_stm32f103xb.o(HEAP)
    __initial_sp                             0x20003818   Data           0  startup_stm32f103xb.o(STACK)



==============================================================================

Memory Map of the image

  Image Entry point : 0x080000ed

  Load Region LR_IROM1 (Base: 0x08000000, Size: 0x000059ec, Max: 0x00010000, ABSOLUTE)

    Execution Region ER_IROM1 (Exec base: 0x08000000, Load base: 0x08000000, Size: 0x0000592c, Max: 0x00010000, ABSOLUTE)

    Exec Addr    Load Addr    Size         Type   Attr      Idx    E Section Name        Object

    0x08000000   0x08000000   0x000000ec   Data   RO            3    RESET               startup_stm32f103xb.o
    0x080000ec   0x080000ec   0x00000000   Code   RO         5896  * .ARM.Collect$$$$00000000  mc_w.l(entry.o)
    0x080000ec   0x080000ec   0x00000004   Code   RO         6200    .ARM.Collect$$$$00000001  mc_w.l(entry2.o)
    0x080000f0   0x080000f0   0x00000004   Code   RO         6203    .ARM.Collect$$$$00000004  mc_w.l(entry5.o)
    0x080000f4   0x080000f4   0x00000000   Code   RO         6205    .ARM.Collect$$$$00000008  mc_w.l(entry7b.o)
    0x080000f4   0x080000f4   0x00000000   Code   RO         6207    .ARM.Collect$$$$0000000A  mc_w.l(entry8b.o)
    0x080000f4   0x080000f4   0x00000008   Code   RO         6208    .ARM.Collect$$$$0000000B  mc_w.l(entry9a.o)
    0x080000fc   0x080000fc   0x00000000   Code   RO         6210    .ARM.Collect$$$$0000000D  mc_w.l(entry10a.o)
    0x080000fc   0x080000fc   0x00000000   Code   RO         6212    .ARM.Collect$$$$0000000F  mc_w.l(entry11a.o)
    0x080000fc   0x080000fc   0x00000004   Code   RO         6201    .ARM.Collect$$$$00002712  mc_w.l(entry2.o)
    0x08000100   0x08000100   0x00000096   Code   RO         5512    .emb_text           port.o
    0x08000196   0x08000196   0x00000002   PAD
    0x08000198   0x08000198   0x00000024   Code   RO            4    .text               startup_stm32f103xb.o
    0x080001bc   0x080001bc   0x00000020   Code   RO         5899    .text               mc_w.l(llushr.o)
    0x080001dc   0x080001dc   0x00000024   Code   RO         5901    .text               mc_w.l(memcpya.o)
    0x08000200   0x08000200   0x00000024   Code   RO         5905    .text               mc_w.l(memseta.o)
    0x08000224   0x08000224   0x0000001c   Code   RO         5907    .text               mc_w.l(strcmp.o)
    0x08000240   0x08000240   0x0000002c   Code   RO         6215    .text               mc_w.l(uidiv.o)
    0x0800026c   0x0800026c   0x00000062   Code   RO         6217    .text               mc_w.l(uldiv.o)
    0x080002ce   0x080002ce   0x00000000   Code   RO         6221    .text               mc_w.l(iusefp.o)
    0x080002ce   0x080002ce   0x0000014e   Code   RO         6222    .text               mf_w.l(dadd.o)
    0x0800041c   0x0800041c   0x000000e4   Code   RO         6224    .text               mf_w.l(dmul.o)
    0x08000500   0x08000500   0x000000de   Code   RO         6226    .text               mf_w.l(ddiv.o)
    0x080005de   0x080005de   0x00000030   Code   RO         6228    .text               mf_w.l(dfixul.o)
    0x0800060e   0x0800060e   0x00000002   PAD
    0x08000610   0x08000610   0x00000030   Code   RO         6230    .text               mf_w.l(cdrcmple.o)
    0x08000640   0x08000640   0x00000024   Code   RO         6232    .text               mc_w.l(init.o)
    0x08000664   0x08000664   0x0000001e   Code   RO         6234    .text               mc_w.l(llshl.o)
    0x08000682   0x08000682   0x00000024   Code   RO         6236    .text               mc_w.l(llsshr.o)
    0x080006a6   0x080006a6   0x000000ba   Code   RO         6238    .text               mf_w.l(depilogue.o)
    0x08000760   0x08000760   0x00000002   Code   RO          588    i.BusFault_Handler  stm32f1xx_it.o
    0x08000762   0x08000762   0x00000002   Code   RO          589    i.DebugMon_Handler  stm32f1xx_it.o
    0x08000764   0x08000764   0x00000004   Code   RO           13    i.Error_Handler     main.o
    0x08000768   0x08000768   0x00000024   Code   RO         1740    i.HAL_Delay         stm32f1xx_hal.o
    0x0800078c   0x0800078c   0x000001e0   Code   RO         2050    i.HAL_GPIO_Init     stm32f1xx_hal_gpio.o
    0x0800096c   0x0800096c   0x0000000a   Code   RO         2052    i.HAL_GPIO_ReadPin  stm32f1xx_hal_gpio.o
    0x08000976   0x08000976   0x00000002   PAD
    0x08000978   0x08000978   0x0000000c   Code   RO         1744    i.HAL_GetTick       stm32f1xx_hal.o
    0x08000984   0x08000984   0x00000188   Code   RO         2721    i.HAL_I2C_Init      stm32f1xx_hal_i2c.o
    0x08000b0c   0x08000b0c   0x0000012c   Code   RO         2734    i.HAL_I2C_Master_Transmit  stm32f1xx_hal_i2c.o
    0x08000c38   0x08000c38   0x0000005c   Code   RO          415    i.HAL_I2C_MspInit   i2c.o
    0x08000c94   0x08000c94   0x00000010   Code   RO         1750    i.HAL_IncTick       stm32f1xx_hal.o
    0x08000ca4   0x08000ca4   0x00000024   Code   RO         1751    i.HAL_Init          stm32f1xx_hal.o
    0x08000cc8   0x08000cc8   0x00000098   Code   RO          685    i.HAL_InitTick      stm32f1xx_hal_timebase_tim.o
    0x08000d60   0x08000d60   0x00000048   Code   RO          661    i.HAL_MspInit       stm32f1xx_hal_msp.o
    0x08000da8   0x08000da8   0x0000001a   Code   RO         2210    i.HAL_NVIC_EnableIRQ  stm32f1xx_hal_cortex.o
    0x08000dc2   0x08000dc2   0x00000002   PAD
    0x08000dc4   0x08000dc4   0x00000040   Code   RO         2216    i.HAL_NVIC_SetPriority  stm32f1xx_hal_cortex.o
    0x08000e04   0x08000e04   0x00000024   Code   RO         2217    i.HAL_NVIC_SetPriorityGrouping  stm32f1xx_hal_cortex.o
    0x08000e28   0x08000e28   0x0000000c   Code   RO         2332    i.HAL_PWR_EnableBkUpAccess  stm32f1xx_hal_pwr.o
    0x08000e34   0x08000e34   0x000000a4   Code   RO         2011    i.HAL_RCCEx_GetPeriphCLKFreq  stm32f1xx_hal_rcc_ex.o
    0x08000ed8   0x08000ed8   0x000000ec   Code   RO         2012    i.HAL_RCCEx_PeriphCLKConfig  stm32f1xx_hal_rcc_ex.o
    0x08000fc4   0x08000fc4   0x0000012c   Code   RO         1908    i.HAL_RCC_ClockConfig  stm32f1xx_hal_rcc.o
    0x080010f0   0x080010f0   0x00000040   Code   RO         1912    i.HAL_RCC_GetClockConfig  stm32f1xx_hal_rcc.o
    0x08001130   0x08001130   0x00000020   Code   RO         1915    i.HAL_RCC_GetPCLK1Freq  stm32f1xx_hal_rcc.o
    0x08001150   0x08001150   0x00000020   Code   RO         1916    i.HAL_RCC_GetPCLK2Freq  stm32f1xx_hal_rcc.o
    0x08001170   0x08001170   0x0000004c   Code   RO         1917    i.HAL_RCC_GetSysClockFreq  stm32f1xx_hal_rcc.o
    0x080011bc   0x080011bc   0x00000320   Code   RO         1920    i.HAL_RCC_OscConfig  stm32f1xx_hal_rcc.o
    0x080014dc   0x080014dc   0x00000094   Code   RO         3155    i.HAL_RTC_Init      stm32f1xx_hal_rtc.o
    0x08001570   0x08001570   0x00000034   Code   RO          457    i.HAL_RTC_MspInit   rtc.o
    0x080015a4   0x080015a4   0x0000003a   Code   RO         3163    i.HAL_RTC_WaitForSynchro  stm32f1xx_hal_rtc.o
    0x080015de   0x080015de   0x00000002   Code   RO         1466    i.HAL_TIMEx_BreakCallback  stm32f1xx_hal_tim_ex.o
    0x080015e0   0x080015e0   0x00000002   Code   RO         1467    i.HAL_TIMEx_CommutCallback  stm32f1xx_hal_tim_ex.o
    0x080015e2   0x080015e2   0x00000002   PAD
    0x080015e4   0x080015e4   0x00000068   Code   RO         1485    i.HAL_TIMEx_MasterConfigSynchronization  stm32f1xx_hal_tim_ex.o
    0x0800164c   0x0800164c   0x0000005a   Code   RO          762    i.HAL_TIM_Base_Init  stm32f1xx_hal_tim.o
    0x080016a6   0x080016a6   0x00000002   PAD
    0x080016a8   0x080016a8   0x0000003c   Code   RO          499    i.HAL_TIM_Base_MspInit  tim.o
    0x080016e4   0x080016e4   0x00000058   Code   RO          767    i.HAL_TIM_Base_Start_IT  stm32f1xx_hal_tim.o
    0x0800173c   0x0800173c   0x000000dc   Code   RO          771    i.HAL_TIM_ConfigClockSource  stm32f1xx_hal_tim.o
    0x08001818   0x08001818   0x00000002   Code   RO          796    i.HAL_TIM_IC_CaptureCallback  stm32f1xx_hal_tim.o
    0x0800181a   0x0800181a   0x00000130   Code   RO          810    i.HAL_TIM_IRQHandler  stm32f1xx_hal_tim.o
    0x0800194a   0x0800194a   0x00000002   Code   RO          813    i.HAL_TIM_OC_DelayElapsedCallback  stm32f1xx_hal_tim.o
    0x0800194c   0x0800194c   0x00000002   Code   RO          840    i.HAL_TIM_PWM_PulseFinishedCallback  stm32f1xx_hal_tim.o
    0x0800194e   0x0800194e   0x00000002   PAD
    0x08001950   0x08001950   0x00000014   Code   RO           14    i.HAL_TIM_PeriodElapsedCallback  main.o
    0x08001964   0x08001964   0x00000002   Code   RO          853    i.HAL_TIM_TriggerCallback  stm32f1xx_hal_tim.o
    0x08001966   0x08001966   0x00000064   Code   RO         3449    i.HAL_UART_Init     stm32f1xx_hal_uart.o
    0x080019ca   0x080019ca   0x00000002   PAD
    0x080019cc   0x080019cc   0x00000070   Code   RO          541    i.HAL_UART_MspInit  usart.o
    0x08001a3c   0x08001a3c   0x000000a0   Code   RO         3457    i.HAL_UART_Transmit  stm32f1xx_hal_uart.o
    0x08001adc   0x08001adc   0x00000002   Code   RO          590    i.HardFault_Handler  stm32f1xx_it.o
    0x08001ade   0x08001ade   0x0000002e   Code   RO         2764    i.I2C_IsAcknowledgeFailed  stm32f1xx_hal_i2c.o
    0x08001b0c   0x08001b0c   0x0000009c   Code   RO         2768    i.I2C_MasterRequestWrite  stm32f1xx_hal_i2c.o
    0x08001ba8   0x08001ba8   0x00000056   Code   RO         2779    i.I2C_WaitOnBTFFlagUntilTimeout  stm32f1xx_hal_i2c.o
    0x08001bfe   0x08001bfe   0x00000002   PAD
    0x08001c00   0x08001c00   0x00000090   Code   RO         2780    i.I2C_WaitOnFlagUntilTimeout  stm32f1xx_hal_i2c.o
    0x08001c90   0x08001c90   0x000000bc   Code   RO         2781    i.I2C_WaitOnMasterAddressFlagUntilTimeout  stm32f1xx_hal_i2c.o
    0x08001d4c   0x08001d4c   0x00000056   Code   RO         2783    i.I2C_WaitOnTXEFlagUntilTimeout  stm32f1xx_hal_i2c.o
    0x08001da2   0x08001da2   0x00000002   PAD
    0x08001da4   0x08001da4   0x00000030   Code   RO          228    i.MX_FREERTOS_Init  freertos.o
    0x08001dd4   0x08001dd4   0x00000068   Code   RO          204    i.MX_GPIO_Init      gpio.o
    0x08001e3c   0x08001e3c   0x00000040   Code   RO          416    i.MX_I2C1_Init      i2c.o
    0x08001e7c   0x08001e7c   0x00000030   Code   RO          458    i.MX_RTC_Init       rtc.o
    0x08001eac   0x08001eac   0x00000068   Code   RO          500    i.MX_TIM3_Init      tim.o
    0x08001f14   0x08001f14   0x00000038   Code   RO          542    i.MX_USART1_UART_Init  usart.o
    0x08001f4c   0x08001f4c   0x00000002   Code   RO          591    i.MemManage_Handler  stm32f1xx_it.o
    0x08001f4e   0x08001f4e   0x00000002   Code   RO          592    i.NMI_Handler       stm32f1xx_it.o
    0x08001f50   0x08001f50   0x00000040   Code   RO         5641    i.OLED_WRITE_COMMAND  oled.o
    0x08001f90   0x08001f90   0x00000040   Code   RO         5642    i.OLED_WRITE_DATA   oled.o
    0x08001fd0   0x08001fd0   0x00000034   Code   RO         3167    i.RTC_EnterInitMode  stm32f1xx_hal_rtc.o
    0x08002004   0x08002004   0x00000036   Code   RO         3168    i.RTC_ExitInitMode  stm32f1xx_hal_rtc.o
    0x0800203a   0x0800203a   0x00000002   PAD
    0x0800203c   0x0800203c   0x00000098   Code   RO          229    i.StartDefaultTask  freertos.o
    0x080020d4   0x080020d4   0x0000001a   Code   RO         4934    i.SysTick_Handler   cmsis_os2.o
    0x080020ee   0x080020ee   0x0000007a   Code   RO           15    i.SystemClock_Config  main.o
    0x08002168   0x08002168   0x00000002   Code   RO         3783    i.SystemInit        system_stm32f1xx.o
    0x0800216a   0x0800216a   0x00000002   PAD
    0x0800216c   0x0800216c   0x00000014   Code   RO          593    i.TIM3_IRQHandler   stm32f1xx_it.o
    0x08002180   0x08002180   0x0000000c   Code   RO          594    i.TIM4_IRQHandler   stm32f1xx_it.o
    0x0800218c   0x0800218c   0x00000078   Code   RO          855    i.TIM_Base_SetConfig  stm32f1xx_hal_tim.o
    0x08002204   0x08002204   0x00000014   Code   RO          866    i.TIM_ETR_SetConfig  stm32f1xx_hal_tim.o
    0x08002218   0x08002218   0x00000010   Code   RO          867    i.TIM_ITRx_SetConfig  stm32f1xx_hal_tim.o
    0x08002228   0x08002228   0x00000022   Code   RO          873    i.TIM_TI1_ConfigInputStage  stm32f1xx_hal_tim.o
    0x0800224a   0x0800224a   0x00000024   Code   RO          875    i.TIM_TI2_ConfigInputStage  stm32f1xx_hal_tim.o
    0x0800226e   0x0800226e   0x0000004e   Code   RO         3472    i.UART_EndRxTransfer  stm32f1xx_hal_uart.o
    0x080022bc   0x080022bc   0x000000b8   Code   RO         3475    i.UART_SetConfig    stm32f1xx_hal_uart.o
    0x08002374   0x08002374   0x00000072   Code   RO         3478    i.UART_WaitOnFlagUntilTimeout  stm32f1xx_hal_uart.o
    0x080023e6   0x080023e6   0x00000002   Code   RO          595    i.UsageFault_Handler  stm32f1xx_it.o
    0x080023e8   0x080023e8   0x00000020   Code   RO         6144    i.__0printf         mc_w.l(printfa.o)
    0x08002408   0x08002408   0x00000020   Code   RO         2223    i.__NVIC_SetPriority  stm32f1xx_hal_cortex.o
    0x08002428   0x08002428   0x0000000e   Code   RO         6242    i.__scatterload_copy  mc_w.l(handlers.o)
    0x08002436   0x08002436   0x00000002   Code   RO         6243    i.__scatterload_null  mc_w.l(handlers.o)
    0x08002438   0x08002438   0x0000000e   Code   RO         6244    i.__scatterload_zeroinit  mc_w.l(handlers.o)
    0x08002446   0x08002446   0x00000002   PAD
    0x08002448   0x08002448   0x00000184   Code   RO         6151    i._fp_digits        mc_w.l(printfa.o)
    0x080025cc   0x080025cc   0x000006dc   Code   RO         6152    i._printf_core      mc_w.l(printfa.o)
    0x08002ca8   0x08002ca8   0x00000024   Code   RO         6153    i._printf_post_padding  mc_w.l(printfa.o)
    0x08002ccc   0x08002ccc   0x0000002e   Code   RO         6154    i._printf_pre_padding  mc_w.l(printfa.o)
    0x08002cfa   0x08002cfa   0x00000002   PAD
    0x08002cfc   0x08002cfc   0x00000018   Code   RO          543    i.fputc             usart.o
    0x08002d14   0x08002d14   0x00000050   Code   RO         6172    i.free              mc_w.l(malloc.o)
    0x08002d64   0x08002d64   0x00000018   Code   RO         5592    i.key_get_state     key.o
    0x08002d7c   0x08002d7c   0x0000000a   Code   RO         5593    i.key_init          key.o
    0x08002d86   0x08002d86   0x00000002   PAD
    0x08002d88   0x08002d88   0x00000020   Code   RO         5594    i.key_period_setting  key.o
    0x08002da8   0x08002da8   0x000000ec   Code   RO         5595    i.key_tick          key.o
    0x08002e94   0x08002e94   0x0000002a   Code   RO           16    i.main              main.o
    0x08002ebe   0x08002ebe   0x00000002   PAD
    0x08002ec0   0x08002ec0   0x0000006c   Code   RO         6173    i.malloc            mc_w.l(malloc.o)
    0x08002f2c   0x08002f2c   0x00000028   Code   RO         5643    i.oled_clear_all    oled.o
    0x08002f54   0x08002f54   0x0000004c   Code   RO         5644    i.oled_clear_area   oled.o
    0x08002fa0   0x08002fa0   0x00000020   Code   RO         5647    i.oled_init         oled.o
    0x08002fc0   0x08002fc0   0x00000026   Code   RO         5651    i.oled_set_cursor   oled.o
    0x08002fe6   0x08002fe6   0x00000002   PAD
    0x08002fe8   0x08002fe8   0x00000054   Code   RO         5652    i.oled_show_char    oled.o
    0x0800303c   0x0800303c   0x000000a8   Code   RO         5653    i.oled_show_image   oled.o
    0x080030e4   0x080030e4   0x000000c8   Code   RO         5655    i.oled_show_string  oled.o
    0x080031ac   0x080031ac   0x00000028   Code   RO         5657    i.oled_update_all   oled.o
    0x080031d4   0x080031d4   0x0000001a   Code   RO         4936    i.osDelay           cmsis_os2.o
    0x080031ee   0x080031ee   0x00000002   PAD
    0x080031f0   0x080031f0   0x00000024   Code   RO         4950    i.osKernelInitialize  cmsis_os2.o
    0x08003214   0x08003214   0x00000038   Code   RO         4953    i.osKernelStart     cmsis_os2.o
    0x0800324c   0x0800324c   0x0000008a   Code   RO         4995    i.osThreadNew       cmsis_os2.o
    0x080032d6   0x080032d6   0x00000002   PAD
    0x080032d8   0x080032d8   0x0000005c   Code   RO         4395    i.prvAddCurrentTaskToDelayedList  tasks.o
    0x08003334   0x08003334   0x000000d0   Code   RO         4396    i.prvAddNewTaskToReadyList  tasks.o
    0x08003404   0x08003404   0x00000058   Code   RO         4760    i.prvCheckForValidListAndQueue  timers.o
    0x0800345c   0x0800345c   0x00000026   Code   RO         3992    i.prvCopyDataFromQueue  queue.o
    0x08003482   0x08003482   0x0000006c   Code   RO         3993    i.prvCopyDataToQueue  queue.o
    0x080034ee   0x080034ee   0x00000034   Code   RO         4397    i.prvDeleteTCB      tasks.o
    0x08003522   0x08003522   0x00000002   PAD
    0x08003524   0x08003524   0x0000004c   Code   RO         5457    i.prvHeapInit       heap_4.o
    0x08003570   0x08003570   0x00000064   Code   RO         4398    i.prvIdleTask       tasks.o
    0x080035d4   0x080035d4   0x00000022   Code   RO         3995    i.prvInitialiseNewQueue  queue.o
    0x080035f6   0x080035f6   0x00000002   PAD
    0x080035f8   0x080035f8   0x000000b0   Code   RO         4399    i.prvInitialiseNewTask  tasks.o
    0x080036a8   0x080036a8   0x0000004c   Code   RO         5458    i.prvInsertBlockIntoFreeList  heap_4.o
    0x080036f4   0x080036f4   0x00000038   Code   RO         4762    i.prvInsertTimerInActiveList  timers.o
    0x0800372c   0x0800372c   0x0000001c   Code   RO         3996    i.prvIsQueueEmpty   queue.o
    0x08003748   0x08003748   0x000000fc   Code   RO         4763    i.prvProcessReceivedCommands  timers.o
    0x08003844   0x08003844   0x000000c0   Code   RO         4764    i.prvProcessTimerOrBlockTask  timers.o
    0x08003904   0x08003904   0x00000020   Code   RO         4401    i.prvResetNextTaskUnblockTime  tasks.o
    0x08003924   0x08003924   0x00000028   Code   RO         4765    i.prvSampleTimeNow  timers.o
    0x0800394c   0x0800394c   0x0000006c   Code   RO         4766    i.prvSwitchTimerLists  timers.o
    0x080039b8   0x080039b8   0x00000028   Code   RO         5513    i.prvTaskExitError  port.o
    0x080039e0   0x080039e0   0x00000024   Code   RO         4767    i.prvTimerTask      timers.o
    0x08003a04   0x08003a04   0x0000006a   Code   RO         3997    i.prvUnlockQueue    queue.o
    0x08003a6e   0x08003a6e   0x00000002   PAD
    0x08003a70   0x08003a70   0x000000dc   Code   RO         5459    i.pvPortMalloc      heap_4.o
    0x08003b4c   0x08003b4c   0x00000024   Code   RO         5514    i.pxPortInitialiseStack  port.o
    0x08003b70   0x08003b70   0x00000026   Code   RO         3952    i.uxListRemove      list.o
    0x08003b96   0x08003b96   0x00000002   PAD
    0x08003b98   0x08003b98   0x00000014   Code   RO         5007    i.vApplicationGetIdleTaskMemory  cmsis_os2.o
    0x08003bac   0x08003bac   0x00000018   Code   RO         5008    i.vApplicationGetTimerTaskMemory  cmsis_os2.o
    0x08003bc4   0x08003bc4   0x00000002   Code   RO          230    i.vApplicationIdleHook  freertos.o
    0x08003bc6   0x08003bc6   0x00000016   Code   RO         3953    i.vListInitialise   list.o
    0x08003bdc   0x08003bdc   0x00000006   Code   RO         3954    i.vListInitialiseItem  list.o
    0x08003be2   0x08003be2   0x00000030   Code   RO         3955    i.vListInsert       list.o
    0x08003c12   0x08003c12   0x00000018   Code   RO         3956    i.vListInsertEnd    list.o
    0x08003c2a   0x08003c2a   0x00000002   PAD
    0x08003c2c   0x08003c2c   0x00000040   Code   RO         5516    i.vPortEnterCritical  port.o
    0x08003c6c   0x08003c6c   0x00000028   Code   RO         5517    i.vPortExitCritical  port.o
    0x08003c94   0x08003c94   0x00000064   Code   RO         5460    i.vPortFree         heap_4.o
    0x08003cf8   0x08003cf8   0x00000024   Code   RO         5518    i.vPortSetupTimerInterrupt  port.o
    0x08003d1c   0x08003d1c   0x00000054   Code   RO         5519    i.vPortValidateInterruptPriority  port.o
    0x08003d70   0x08003d70   0x00000028   Code   RO         4003    i.vQueueAddToRegistry  queue.o
    0x08003d98   0x08003d98   0x00000044   Code   RO         4007    i.vQueueWaitForMessageRestricted  queue.o
    0x08003ddc   0x08003ddc   0x0000004c   Code   RO         4414    i.vTaskDelay        tasks.o
    0x08003e28   0x08003e28   0x00000010   Code   RO         4419    i.vTaskInternalSetTimeOutState  tasks.o
    0x08003e38   0x08003e38   0x0000000c   Code   RO         4420    i.vTaskMissedYield  tasks.o
    0x08003e44   0x08003e44   0x00000030   Code   RO         4422    i.vTaskPlaceOnEventList  tasks.o
    0x08003e74   0x08003e74   0x00000038   Code   RO         4423    i.vTaskPlaceOnEventListRestricted  tasks.o
    0x08003eac   0x08003eac   0x00000088   Code   RO         4431    i.vTaskStartScheduler  tasks.o
    0x08003f34   0x08003f34   0x00000010   Code   RO         4433    i.vTaskSuspendAll   tasks.o
    0x08003f44   0x08003f44   0x00000064   Code   RO         4434    i.vTaskSwitchContext  tasks.o
    0x08003fa8   0x08003fa8   0x000000a8   Code   RO         5520    i.xPortStartScheduler  port.o
    0x08004050   0x08004050   0x0000002c   Code   RO         5521    i.xPortSysTickHandler  port.o
    0x0800407c   0x0800407c   0x00000066   Code   RO         4013    i.xQueueGenericCreateStatic  queue.o
    0x080040e2   0x080040e2   0x00000002   PAD
    0x080040e4   0x080040e4   0x00000088   Code   RO         4014    i.xQueueGenericReset  queue.o
    0x0800416c   0x0800416c   0x00000160   Code   RO         4015    i.xQueueGenericSend  queue.o
    0x080042cc   0x080042cc   0x000000be   Code   RO         4016    i.xQueueGenericSendFromISR  queue.o
    0x0800438a   0x0800438a   0x00000002   PAD
    0x0800438c   0x0800438c   0x00000138   Code   RO         4025    i.xQueueReceive     queue.o
    0x080044c4   0x080044c4   0x00000074   Code   RO         4436    i.xTaskCheckForTimeOut  tasks.o
    0x08004538   0x08004538   0x0000005a   Code   RO         4437    i.xTaskCreate       tasks.o
    0x08004592   0x08004592   0x00000056   Code   RO         4438    i.xTaskCreateStatic  tasks.o
    0x080045e8   0x080045e8   0x0000001c   Code   RO         4442    i.xTaskGetSchedulerState  tasks.o
    0x08004604   0x08004604   0x0000000c   Code   RO         4443    i.xTaskGetTickCount  tasks.o
    0x08004610   0x08004610   0x000000c8   Code   RO         4445    i.xTaskIncrementTick  tasks.o
    0x080046d8   0x080046d8   0x00000080   Code   RO         4448    i.xTaskPriorityDisinherit  tasks.o
    0x08004758   0x08004758   0x00000070   Code   RO         4450    i.xTaskRemoveFromEventList  tasks.o
    0x080047c8   0x080047c8   0x000000c4   Code   RO         4451    i.xTaskResumeAll    tasks.o
    0x0800488c   0x0800488c   0x00000060   Code   RO         4776    i.xTimerCreateTimerTask  timers.o
    0x080048ec   0x080048ec   0x00000068   Code   RO         4777    i.xTimerGenericCommand  timers.o
    0x08004954   0x08004954   0x00000024   Data   RO          231    .constdata          freertos.o
    0x08004978   0x08004978   0x00000012   Data   RO         1921    .constdata          stm32f1xx_hal_rcc.o
    0x0800498a   0x0800498a   0x00000012   Data   RO         2013    .constdata          stm32f1xx_hal_rcc_ex.o
    0x0800499c   0x0800499c   0x00000010   Data   RO         3784    .constdata          system_stm32f1xx.o
    0x080049ac   0x080049ac   0x00000008   Data   RO         3785    .constdata          system_stm32f1xx.o
    0x080049b4   0x080049b4   0x00000010   Data   RO         5596    .constdata          key.o
    0x080049c4   0x080049c4   0x00000019   Data   RO         5660    .constdata          oled.o
    0x080049dd   0x080049dd   0x0000023a   Data   RO         5880    .constdata          oled_font.o
    0x08004c17   0x08004c17   0x00000532   Data   RO         5881    .constdata          oled_font.o
    0x08005149   0x08005149   0x000005f0   Data   RO         5882    .constdata          oled_font.o
    0x08005739   0x08005739   0x00000118   Data   RO         5883    .constdata          oled_font.o
    0x08005851   0x08005851   0x000000af   Data   RO         5884    .constdata          oled_font.o
    0x08005900   0x08005900   0x0000000c   Data   RO          232    .conststring        freertos.o
    0x0800590c   0x0800590c   0x00000020   Data   RO         6240    Region$$Table       anon$$obj.o


    Execution Region RW_IRAM1 (Exec base: 0x20000000, Load base: 0x0800592c, Size: 0x00003818, Max: 0x00005000, ABSOLUTE)

    Exec Addr    Load Addr    Size         Type   Attr      Idx    E Section Name        Object

    0x20000000   0x0800592c   0x00000004   Data   RW          233    .data               freertos.o
    0x20000004   0x08005930   0x0000000c   Data   RW         1758    .data               stm32f1xx_hal.o
    0x20000010   0x0800593c   0x00000004   Data   RW         3786    .data               system_stm32f1xx.o
    0x20000014   0x08005940   0x0000003c   Data   RW         4454    .data               tasks.o
    0x20000050   0x0800597c   0x00000014   Data   RW         4785    .data               timers.o
    0x20000064   0x08005990   0x00000004   Data   RW         5011    .data               cmsis_os2.o
    0x20000068   0x08005994   0x00000020   Data   RW         5466    .data               heap_4.o
    0x20000088   0x080059b4   0x0000000c   Data   RW         5522    .data               port.o
    0x20000094   0x080059c0   0x00000020   Data   RW         5597    .data               key.o
    0x200000b4   0x080059e0   0x00000004   Data   RW         6214    .data               mc_w.l(stdout.o)
    0x200000b8   0x080059e4   0x00000004   Data   RW         6219    .data               mc_w.l(mvars.o)
    0x200000bc   0x080059e8   0x00000004   Data   RW         6220    .data               mc_w.l(mvars.o)
    0x200000c0        -       0x00000054   Zero   RW          417    .bss                i2c.o
    0x20000114        -       0x00000014   Zero   RW          459    .bss                rtc.o
    0x20000128        -       0x00000048   Zero   RW          501    .bss                tim.o
    0x20000170        -       0x00000048   Zero   RW          544    .bss                usart.o
    0x200001b8        -       0x00000048   Zero   RW          688    .bss                stm32f1xx_hal_timebase_tim.o
    0x20000200        -       0x00000040   Zero   RW         4029    .bss                queue.o
    0x20000240        -       0x000004c4   Zero   RW         4453    .bss                tasks.o
    0x20000704        -       0x00000118   Zero   RW         4784    .bss                timers.o
    0x2000081c        -       0x000006b8   Zero   RW         5010    .bss                cmsis_os2.o
    0x20000ed4        -       0x00001f40   Zero   RW         5465    .bss                heap_4.o
    0x20002e14        -       0x00000400   Zero   RW         5659    .bss                oled.o
    0x20003214   0x080059ec   0x00000004   PAD
    0x20003218        -       0x00000200   Zero   RW            2    HEAP                startup_stm32f103xb.o
    0x20003418        -       0x00000400   Zero   RW            1    STACK               startup_stm32f103xb.o


==============================================================================

Image component sizes


      Code (inc. data)   RO Data    RW Data    ZI Data      Debug   Object Name

       326         22          0          4       1720      58315   cmsis_os2.o
         0          0          0          0          0      19508   event_groups.o
       202         70         48          4          0     382916   freertos.o
       104          8          0          0          0        883   gpio.o
       472         24          0         32       8000       4635   heap_4.o
       156         26          0          0         84       1545   i2c.o
       302         20         16         32          0       4109   key.o
       138          0          0          0          0       3270   list.o
       188          6          0          0          0     448092   main.o
       806         64         25          0       1024       8333   oled.o
         0          0       3875          0          0       1132   oled_font.o
       662         70          0         12          0      10477   port.o
      1514         20          0          0         64      16736   queue.o
       100         22          0          0         20       1423   rtc.o
        36          8        236          0       1536        780   startup_stm32f103xb.o
       100         18          0         12          0       5094   stm32f1xx_hal.o
       158         14          0          0          0      28078   stm32f1xx_hal_cortex.o
       490         34          0          0          0       2827   stm32f1xx_hal_gpio.o
      1398         32          0          0          0       8913   stm32f1xx_hal_i2c.o
        72         10          0          0          0        826   stm32f1xx_hal_msp.o
        12          4          0          0          0        491   stm32f1xx_hal_pwr.o
      1304         94         18          0          0       5597   stm32f1xx_hal_rcc.o
       400         28         18          0          0       2405   stm32f1xx_hal_rcc_ex.o
       312          4          0          0          0       3604   stm32f1xx_hal_rtc.o
       936         24          0          0          0       9569   stm32f1xx_hal_tim.o
       108         12          0          0          0       2321   stm32f1xx_hal_tim_ex.o
       152         20          0          0         72       1415   stm32f1xx_hal_timebase_tim.o
       636          6          0          0          0       4508   stm32f1xx_hal_uart.o
        44         10          0          0          0       3333   stm32f1xx_it.o
         0          0          0          0          0        392   stream_buffer.o
         2          0         24          4          0       1055   system_stm32f1xx.o
      2088        168          0         60       1220      25644   tasks.o
       164         18          0          0         72       1574   tim.o
       972         80          0         20        280      31679   timers.o
       192         24          0          0         72       2110   usart.o

    ----------------------------------------------------------------------
     14592        960       4292        180      14168    1103589   Object Totals
         0          0         32          0          0          0   (incl. Generated)
        46          0          0          0          4          0   (incl. Padding)

    ----------------------------------------------------------------------

      Code (inc. data)   RO Data    RW Data    ZI Data      Debug   Library Member Name

         0          0          0          0          0          0   entry.o
         0          0          0          0          0          0   entry10a.o
         0          0          0          0          0          0   entry11a.o
         8          4          0          0          0          0   entry2.o
         4          0          0          0          0          0   entry5.o
         0          0          0          0          0          0   entry7b.o
         0          0          0          0          0          0   entry8b.o
         8          4          0          0          0          0   entry9a.o
        30          0          0          0          0          0   handlers.o
        36          8          0          0          0         68   init.o
         0          0          0          0          0          0   iusefp.o
        30          0          0          0          0         68   llshl.o
        36          0          0          0          0         68   llsshr.o
        32          0          0          0          0         68   llushr.o
       188         20          0          0          0        160   malloc.o
        36          0          0          0          0         68   memcpya.o
        36          0          0          0          0        108   memseta.o
         0          0          0          8          0          0   mvars.o
      2258         90          0          0          0        452   printfa.o
         0          0          0          4          0          0   stdout.o
        28          0          0          0          0         76   strcmp.o
        44          0          0          0          0         80   uidiv.o
        98          0          0          0          0         92   uldiv.o
        48          0          0          0          0         68   cdrcmple.o
       334          0          0          0          0        148   dadd.o
       222          0          0          0          0        100   ddiv.o
       186          0          0          0          0        176   depilogue.o
        48          0          0          0          0         68   dfixul.o
       228          0          0          0          0         96   dmul.o

    ----------------------------------------------------------------------
      3944        126          0         12          0       1964   Library Totals
         6          0          0          0          0          0   (incl. Padding)

    ----------------------------------------------------------------------

      Code (inc. data)   RO Data    RW Data    ZI Data      Debug   Library Name

      2872        126          0         12          0       1308   mc_w.l
      1066          0          0          0          0        656   mf_w.l

    ----------------------------------------------------------------------
      3944        126          0         12          0       1964   Library Totals

    ----------------------------------------------------------------------

==============================================================================


      Code (inc. data)   RO Data    RW Data    ZI Data      Debug   

     18536       1086       4292        192      14168    1096397   Grand Totals
     18536       1086       4292        192      14168    1096397   ELF Image Totals
     18536       1086       4292        192          0          0   ROM Totals

==============================================================================

    Total RO  Size (Code + RO Data)                22828 (  22.29kB)
    Total RW  Size (RW Data + ZI Data)             14360 (  14.02kB)
    Total ROM Size (Code + RO Data + RW Data)      23020 (  22.48kB)

==============================================================================

